<html>
<body>
<pre>
<h1>µVision Build Log</h1>
<h2>Project:</h2>
C:\Users\Desktop-PC3\Downloads\test_app_uvision_lpc1768\test_app\test_app.uvproj
Project File Date:  01/21/2015

<h2>Output:</h2>
Build target 'mbed NXP LPC1768'
compiling main.cpp...
linking...
Program Size: Code=16596 RO-data=1916 RW-data=1632 ZI-data=644  
After Build - User command #1: fromelf --bin -o build\test_app_LPC1768.bin build\test_app.axf
".\build\test_app.axf" - 0 Error(s), 0 Warning(s).
Load "C:\\Users\\Desktop-PC3\\Downloads\\test_app_uvision_lpc1768\\test_app\\build\\test_app.axf" 
Erase Done.
Programming Done.
Verify OK.
Application running ...
</pre>
</body>
</html>
s), 1 Warning(s).
Target not created
::uint16_t *"
                      swap16(test1);
main.cpp(120): error:  #167: argument of type "std::uint16_t" is incompatible with parameter of type "std::uint16_t *"
                      swap16(test2);
main.cpp: 1 warning, 4 errors
".\build\test_app.axf" - 4 Error(s), 1 Warning(s).
Target not created
