<html>
<body>
<pre>
<h1>µVision Build Log</h1>
<h2>Project:</h2>
C:\Users\samgro01\Desktop\test\test_app\test_app.uvproj
Project File Date:  01/22/2015

<h2>Output:</h2>
Rebuild target 'mbed NXP LPC1768'
compiling main.cpp...
linking...
Program Size: Code=17028 RO-data=19204 RW-data=68 ZI-data=976  
After Build - User command #1: fromelf --bin -o build\test_app_LPC1768.bin build\test_app.axf
".\build\test_app.axf" - 0 Error(s), 0 Warning(s).
Load "C:\\Users\\samgro01\\Desktop\\test\\test_app\\build\\test_app.axf" 
Erase Done.
Programming Done.
Verify OK.
Application running ...
</pre>
</body>
</html>
