ARM Linker, 5.03 [Build 76] [MDK-ARM Professional]

==============================================================================

Section Cross References

    main.o(.text) refers to rt_memcpy_v6.o(.text) for __aeabi_memcpy
    main.o(.text) refers to aeabi_memset.o(.text) for __aeabi_memset
    main.o(.text) refers to rt_memclr_w.o(.text) for __aeabi_memclr4
    main.o(.text) refers to error.o(i.error) for error
    main.o(.text) refers to RawSerial.o(i._ZN4mbed9RawSerial4putcEi) for mbed::RawSerial::putc(int)
    main.o(.text) refers to RawSerial.o(i._ZN4mbed9RawSerialC1E7PinNameS1_) for mbed::RawSerial::RawSerial(PinName, PinName)
    main.o(.text) refers to aeabi_atexit.o(i.__aeabi_atexit) for __aeabi_atexit
    main.o(.text) refers to main.o(.data) for load_unaligned_record
    main.o(.text) refers to main.o(.bss) for line
    main.o(.text) refers to RawSerial.o(i._ZN4mbed9RawSerialD1Ev) for mbed::RawSerial::~RawSerial()
    main.o(.ARM.exidx) refers to main.o(.text) for .text
    main.o(.data) refers to main.o(.constdata) for hex_file
    main.o(.init_array) refers to main.o(.text) for __sti___8_main_cpp
    main.o(.init_array) refers to init_aeabi.o(.text) for __cpp_initialize__aeabi_
    retarget.o(i.$Sub$$main) refers to retarget.o(i.mbed_sdk_init) for mbed_sdk_init
    retarget.o(i.$Sub$$main) refers to retarget.o(i.mbed_main) for mbed_main
    retarget.o(i.$Sub$$main) refers to main.o(.text) for $Super$$main
    retarget.o(i._ZN4mbed10FileHandleD0Ev) refers to delete.o(i._ZdlPv) for operator delete (void*)
    retarget.o(i._ZN4mbed10FileHandleD0Ev) refers to retarget.o(.constdata__ZTVN4mbed10FileHandleE) for vtable for mbed::FileHandle
    retarget.o(i._ZN4mbed10FileHandleD0Ev) refers to retarget.o(.bss) for .bss
    retarget.o(i._ZN4mbed10FileHandleD2Ev) refers to retarget.o(.constdata__ZTVN4mbed10FileHandleE) for vtable for mbed::FileHandle
    retarget.o(i._ZN4mbed10FileHandleD2Ev) refers to retarget.o(.bss) for .bss
    retarget.o(i._sys_close) refers to retarget.o(.bss) for .bss
    retarget.o(i._sys_ensure) refers to retarget.o(.bss) for .bss
    retarget.o(i._sys_flen) refers to retarget.o(.bss) for .bss
    retarget.o(i._sys_istty) refers to retarget.o(.bss) for .bss
    retarget.o(i._sys_open) refers to _scanf_int.o(.text) for _scanf_int
    retarget.o(i._sys_open) refers to strcmpv7m.o(.text) for strcmp
    retarget.o(i._sys_open) refers to serial_api.o(i.serial_init) for serial_init
    retarget.o(i._sys_open) refers to FilePath.o(i._ZN4mbed8FilePathC1EPKc) for mbed::FilePath::FilePath(const char*)
    retarget.o(i._sys_open) refers to FilePath.o(i._ZN4mbed8FilePath6existsEv) for mbed::FilePath::exists()
    retarget.o(i._sys_open) refers to FilePath.o(i._ZN4mbed8FilePath6isFileEv) for mbed::FilePath::isFile()
    retarget.o(i._sys_open) refers to FilePath.o(i._ZN4mbed8FilePath4fileEv) for mbed::FilePath::file()
    retarget.o(i._sys_open) refers to __0sscanf.o(.text) for __0sscanf
    retarget.o(i._sys_open) refers to FilePath.o(i._ZN4mbed8FilePath10fileSystemEv) for mbed::FilePath::fileSystem()
    retarget.o(i._sys_open) refers to FilePath.o(i._ZN4mbed8FilePath8fileNameEv) for mbed::FilePath::fileName()
    retarget.o(i._sys_open) refers to retarget.o(.constdata) for .constdata
    retarget.o(i._sys_open) refers to serial_api.o(.data) for stdio_uart_inited
    retarget.o(i._sys_open) refers to retarget.o(.bss) for .bss
    retarget.o(i._sys_read) refers to serial_api.o(i.serial_init) for serial_init
    retarget.o(i._sys_read) refers to serial_api.o(i.serial_getc) for serial_getc
    retarget.o(i._sys_read) refers to serial_api.o(.data) for stdio_uart_inited
    retarget.o(i._sys_read) refers to retarget.o(.bss) for .bss
    retarget.o(i._sys_seek) refers to retarget.o(.bss) for .bss
    retarget.o(i._sys_write) refers to serial_api.o(i.serial_init) for serial_init
    retarget.o(i._sys_write) refers to serial_api.o(i.serial_putc) for serial_putc
    retarget.o(i._sys_write) refers to serial_api.o(.data) for stdio_uart_inited
    retarget.o(i._sys_write) refers to retarget.o(.bss) for .bss
    retarget.o(i.mkdir) refers to FilePath.o(i._ZN4mbed8FilePathC1EPKc) for mbed::FilePath::FilePath(const char*)
    retarget.o(i.mkdir) refers to FilePath.o(i._ZN4mbed8FilePath10fileSystemEv) for mbed::FilePath::fileSystem()
    retarget.o(i.mkdir) refers to FilePath.o(i._ZN4mbed8FilePath8fileNameEv) for mbed::FilePath::fileName()
    retarget.o(i.opendir) refers to FilePath.o(i._ZN4mbed8FilePathC1EPKc) for mbed::FilePath::FilePath(const char*)
    retarget.o(i.opendir) refers to FilePath.o(i._ZN4mbed8FilePath10fileSystemEv) for mbed::FilePath::fileSystem()
    retarget.o(i.opendir) refers to FilePath.o(i._ZN4mbed8FilePath8fileNameEv) for mbed::FilePath::fileName()
    retarget.o(i.opendir) refers to FileSystemLike.o(i._ZN4mbed14FileSystemLike7opendirEv) for mbed::FileSystemLike::opendir()
[...]
    i.gpio_dir                               0x000036f4   Section        0  gpio_api.o(i.gpio_dir)
    i.gpio_init                              0x00003744   Section        0  gpio_api.o(i.gpio_init)
    i.gpio_init_in                           0x0000377c   Section        0  gpio.o(i.gpio_init_in)
    i.gpio_init_out                          0x000037a4   Section        0  gpio.o(i.gpio_init_out)
    i.gpio_init_out_ex                       0x000037e8   Section        0  gpio.o(i.gpio_init_out_ex)
    i.gpio_mode                              0x00003838   Section        0  gpio_api.o(i.gpio_mode)
    i.mbed_assert_internal                   0x00003840   Section        0  assert.o(i.mbed_assert_internal)
    i.mbed_die                               0x00003890   Section        0  board.o(i.mbed_die)
    i.mbed_interface_connected               0x00003998   Section        0  mbed_interface.o(i.mbed_interface_connected)
    i.mbed_main                              0x0000399c   Section        0  retarget.o(i.mbed_main)
    i.mbed_sdk_init                          0x0000399e   Section        0  retarget.o(i.mbed_sdk_init)
    i.pin_function                           0x000039a0   Section        0  pinmap.o(i.pin_function)
    i.pin_mode                               0x000039fc   Section        0  pinmap.o(i.pin_mode)
    i.pinmap_find_peripheral                 0x00003a80   Section        0  pinmap_common.o(i.pinmap_find_peripheral)
    i.pinmap_merge                           0x00003aa0   Section        0  pinmap_common.o(i.pinmap_merge)
    i.pinmap_peripheral                      0x00003ad8   Section        0  pinmap_common.o(i.pinmap_peripheral)
    i.pinmap_pinout                          0x00003b30   Section        0  pinmap_common.o(i.pinmap_pinout)
    i.semihost_connected                     0x00003b80   Section        0  semihost_api.o(i.semihost_connected)
    i.semihost_exit                          0x00003b90   Section        0  semihost_api.o(i.semihost_exit)
    i.serial_baud                            0x00003b9c   Section        0  serial_api.o(i.serial_baud)
    i.serial_format                          0x00003d60   Section        0  serial_api.o(i.serial_format)
    i.serial_init                            0x00003e00   Section        0  serial_api.o(i.serial_init)
    i.serial_irq_handler                     0x00003f78   Section        0  serial_api.o(i.serial_irq_handler)
    i.serial_irq_set_internal                0x00003f94   Section        0  serial_api.o(i.serial_irq_set_internal)
    serial_irq_set_internal                  0x00003f95   Thumb Code   192  serial_api.o(i.serial_irq_set_internal)
    i.serial_putc                            0x00004068   Section        0  serial_api.o(i.serial_putc)
    i.serial_set_flow_control                0x000040d0   Section        0  serial_api.o(i.serial_set_flow_control)
    i.uart0_irq                              0x000041dc   Section        0  serial_api.o(i.uart0_irq)
    i.uart1_irq                              0x000041f0   Section        0  serial_api.o(i.uart1_irq)
    i.uart2_irq                              0x00004204   Section        0  serial_api.o(i.uart2_irq)
    i.uart3_irq                              0x00004218   Section        0  serial_api.o(i.uart3_irq)
    i.uart_irq                               0x0000422c   Section        0  serial_api.o(i.uart_irq)
    uart_irq                                 0x0000422d   Thumb Code    92  serial_api.o(i.uart_irq)
    i.us_ticker_clear_interrupt              0x00004290   Section        0  us_ticker.o(i.us_ticker_clear_interrupt)
    i.us_ticker_disable_interrupt            0x0000429c   Section        0  us_ticker.o(i.us_ticker_disable_interrupt)
    i.us_ticker_irq_handler                  0x000042ac   Section        0  us_ticker_api.o(i.us_ticker_irq_handler)
    i.us_ticker_read                         0x000042f0   Section        0  us_ticker.o(i.us_ticker_read)
    i.us_ticker_set_interrupt                0x00004350   Section        0  us_ticker.o(i.us_ticker_set_interrupt)
    i.wait_ms                                0x00004364   Section        0  wait_api.o(i.wait_ms)
    locale$$code                             0x00004380   Section       44  lc_numeric_c.o(locale$$code)
    locale$$code                             0x000043ac   Section       44  lc_ctype_c.o(locale$$code)
    x$fpl$printf1                            0x000043d8   Section        4  printf1.o(x$fpl$printf1)
    x$fpl$printf2                            0x000043dc   Section        4  printf2.o(x$fpl$printf2)
    x$fpl$usenofp                            0x000043e0   Section        0  usenofp.o(x$fpl$usenofp)
    .constdata                               0x00004400   Section    248613  main.o(.constdata)
    hex_file                                 0x00004400   Data       248613  main.o(.constdata)
    .constdata                               0x00040f25   Section       23  retarget.o(.constdata)
    .constdata                               0x00040f3c   Section      103  board.o(.constdata)
    .constdata                               0x00040fa4   Section      704  serial_api.o(.constdata)
    PinMap_UART_TX                           0x00040fa4   Data         108  serial_api.o(.constdata)
    PinMap_UART_RX                           0x00041010   Data         108  serial_api.o(.constdata)
    PinMap_UART_RTS                          0x0004107c   Data          36  serial_api.o(.constdata)
    PinMap_UART_CTS                          0x000410a0   Data          36  serial_api.o(.constdata)
    .constdata                               0x00041264   Section      103  gpio.o(.constdata)
    .constdata                               0x000412cc   Section      108  gpio_api.o(.constdata)
    .constdata                               0x00041338   Section       88  pinmap.o(.constdata)
    .constdata                               0x00041390   Section       17  __printf_flags_ss_wp.o(.constdata)
    maptable                                 0x00041390   Data          17  __printf_flags_ss_wp.o(.constdata)
    .constdata                               0x000413a4   Section        8  _printf_wctomb.o(.constdata)
    initial_mbstate                          0x000413a4   Data           8  _printf_wctomb.o(.constdata)
    .constdata                               0x000413ac   Section       40  _printf_hex_int_ll_ptr.o(.constdata)
    uc_hextab                                0x000413ac   Data          20  _printf_hex_int_ll_ptr.o(.constdata)
    lc_hextab                                0x000413c0   Data          20  _printf_hex_int_ll_ptr.o(.constdata)
    .constdata                               0x000413d4   Section       38  _printf_fp_hex.o(.constdata)
    lc_hextab                                0x000413d4   Data          19  _printf_fp_hex.o(.constdata)
    uc_hextab                                0x000413e7   Data          19  _printf_fp_hex.o(.constdata)
    .constdata                               0x000413fc   Section      148  bigflt0.o(.constdata)
    tenpwrs_x                                0x000413fc   Data          60  bigflt0.o(.constdata)
    tenpwrs_i                                0x00041438   Data          64  bigflt0.o(.constdata)
    .constdata__ZTVN4mbed10SerialBaseE       0x00041490   Section       16  SerialBase.o(.constdata__ZTVN4mbed10SerialBaseE)
    .constdata__ZTVN4mbed9RawSerialE         0x000414a0   Section       16  RawSerial.o(.constdata__ZTVN4mbed9RawSerialE)
    locale$$data                             0x000414d0   Section       28  lc_numeric_c.o(locale$$data)
    __lcnum_c_name                           0x000414d4   Data           2  lc_numeric_c.o(locale$$data)
    __lcnum_c_start                          0x000414dc   Data           0  lc_numeric_c.o(locale$$data)
    __lcnum_c_point                          0x000414e8   Data           0  lc_numeric_c.o(locale$$data)
    __lcnum_c_thousands                      0x000414ea   Data           0  lc_numeric_c.o(locale$$data)
    __lcnum_c_grouping                       0x000414eb   Data           0  lc_numeric_c.o(locale$$data)
    locale$$data                             0x000414ec   Section      272  lc_ctype_c.o(locale$$data)
    __lcnum_c_end                            0x000414ec   Data           0  lc_numeric_c.o(locale$$data)
    __lcctype_c_name                         0x000414f0   Data           2  lc_ctype_c.o(locale$$data)
    __lcctype_c_start                        0x000414f8   Data           0  lc_ctype_c.o(locale$$data)
    .init_array                              0x000415fc   Section        4  main.o(.init_array)
    __lcctype_c_end                          0x000415fc   Data           0  lc_ctype_c.o(locale$$data)
    .data                                    0x100000c8   Section       13  main.o(.data)
    low_nibble                               0x100000cc   Data           1  main.o(.data)
    idx                                      0x100000cd   Data           1  main.o(.data)
    record_processed                         0x100000ce   Data           1  main.o(.data)
    last_known_address                       0x100000d0   Data           4  main.o(.data)
    load_unaligned_record                    0x100000d4   Data           1  main.o(.data)
    .data                                    0x100000d8   Section        4  system_LPC17xx.o(.data)
    .data                                    0x100000dc   Section       16  serial_api.o(.data)
    irq_handler                              0x100000e0   Data           4  serial_api.o(.data)
    .data                                    0x100000ec   Section        4  us_ticker.o(.data)
    .data                                    0x100000f0   Section        4  FileBase.o(.data)
    .data                                    0x100000f4   Section        8  us_ticker_api.o(.data)
    head                                     0x100000f4   Data           4  us_ticker_api.o(.data)
    event_handler                            0x100000f8   Data           4  us_ticker_api.o(.data)
    .data                                    0x100000fc   Section        4  stdio_streams.o(.data)
    .data                                    0x10000100   Section        4  stdio_streams.o(.data)
    .data                                    0x10000104   Section        4  stdio_streams.o(.data)
    .data                                    0x10000108   Section        4  heapauxa.o(.data)
    __rt_heap_escrow_base                    0x10000108   Data           4  heapauxa.o(.data)
    .bss                                     0x1000010c   Section      404  main.o(.bss)
    line                                     0x1000020c   Data          37  main.o(.bss)
    shadow_line                              0x10000231   Data          37  main.o(.bss)
    .bss                                     0x100002a0   Section       64  retarget.o(.bss)
    filehandles                              0x100002a0   Data          64  retarget.o(.bss)
    .bss                                     0x100002e0   Section      224  serial_api.o(.bss)
    uart_data                                0x100002e0   Data         224  serial_api.o(.bss)
    .bss                                     0x100003c0   Section       84  stdio_streams.o(.bss)
    .bss                                     0x10000414   Section       84  stdio_streams.o(.bss)
    .bss                                     0x10000468   Section       84  stdio_streams.o(.bss)
    .bss                                     0x100004bc   Section        4  rt_ddtor_pointer_addr.o(.bss)
    __rt_ddtor_pointer_addr_data             0x100004bc   Data           4  rt_ddtor_pointer_addr.o(.bss)
    .bss                                     0x100004c0   Section        4  rt_heap_descriptor.o(.bss)
    __rt_heap_descriptor_data                0x100004c0   Data           4  rt_heap_descriptor.o(.bss)
    .bss                                     0x100004c4   Section       20  rt_locale.o(.bss)
    __rt_locale_data                         0x100004c4   Data          20  rt_locale.o(.bss)
    .bss                                     0x100004d8   Section        4  rt_errno_addr.o(.bss)
    __aeabi_errno_addr_data                  0x100004d8   Data           4  rt_errno_addr.o(.bss)

    Global Symbols

    Symbol Name                              Value     Ov Type        Size  Object(Section)

    BuildAttributes$$THM_ISAv4$P$D$K$B$S$PE$A:L22UL41UL21$X:L11$S22US41US21$IEEE1$IW$USESV6$~STKCKD$USESV7$~SHL$OTIME$ROPI$IEEEJ$EBA8$UX$STANDARDLIB$REQ8$PRES8$EABIv2 0x00000000   Number         0  anon$$obj.o ABSOLUTE
    __ARM_use_no_argv                        0x00000000   Number         0  main.o ABSOLUTE
    __Vectors                                0x00000000   Data           4  startup_LPC17xx.o(RESET)
    __dso_handle                             0x00000000   Number         0  startup_LPC17xx.o(RESET)
    _printf_flags                            0x00000000   Number         0  printf_stubs.o ABSOLUTE
    _printf_return_value                     0x00000000   Number         0  printf_stubs.o ABSOLUTE
    _printf_sizespec                         0x00000000   Number         0  printf_stubs.o ABSOLUTE
    _printf_widthprec                        0x00000000   Number         0  printf_stubs.o ABSOLUTE
    SHT$$ARM_EXIDX$$Base                      - Undefined Reference
    SHT$$ARM_EXIDX$$Limit                     - Undefined Reference
    __ARM::default_unexpected_handler()       - Undefined Weak Reference
    __ARM_exceptions_buffer_required          - Undefined Weak Reference
    __ARM_exceptions_init                     - Undefined Weak Reference
    __aeabi_unwind_cpp_pr1                    - Undefined Weak Reference
    __aeabi_unwind_cpp_pr2                    - Undefined Weak Reference
    __alloca_initialize                       - Undefined Weak Reference
    __cxa_begin_cleanup                       - Undefined Weak Reference
    __cxa_type_match                          - Undefined Weak Reference
    __rt_lib_shutdown                         - Undefined Weak Reference
    __sigvec_lookup                           - Undefined Weak Reference
    __user_heap_extent                        - Undefined Weak Reference
    _atexit_init                              - Undefined Weak Reference
    _clock_init                               - Undefined Weak Reference
    _fp_trap_init                             - Undefined Weak Reference
    _fp_trap_shutdown                         - Undefined Weak Reference
    _get_lc_collate                           - Undefined Weak Reference
    _get_lc_monetary                          - Undefined Weak Reference
    _get_lc_time                              - Undefined Weak Reference
    _getenv_init                              - Undefined Weak Reference
    _handle_redirection                       - Undefined Weak Reference
    _mutex_acquire                            - Undefined Weak Reference
    _mutex_free                               - Undefined Weak Reference
    _mutex_release                            - Undefined Weak Reference
    _printf_mbtowc                            - Undefined Weak Reference
    _printf_wc                                - Undefined Weak Reference
    _rand_init                                - Undefined Weak Reference
    _scanf_longlong                           - Undefined Weak Reference
    _scanf_mbtowc                             - Undefined Weak Reference
    _scanf_real                               - Undefined Weak Reference
    _scanf_string                             - Undefined Weak Reference
    _scanf_wctomb                             - Undefined Weak Reference
    _scanf_wstring                            - Undefined Weak Reference
    _signal_finish                            - Undefined Weak Reference
    _signal_init                              - Undefined Weak Reference
    __main                                   0x000000c5   Thumb Code     8  __main.o(!!!main)
    __scatterload                            0x000000cd   Thumb Code     0  __scatter.o(!!!scatter)
    __scatterload_rt2                        0x000000cd   Thumb Code    44  __scatter.o(!!!scatter)
    __scatterload_rt2_thumb_only             0x000000cd   Thumb Code     0  __scatter.o(!!!scatter)
    __scatterload_null                       0x000000db   Thumb Code     0  __scatter.o(!!!scatter)
    __scatterload_copy                       0x00000101   Thumb Code    26  __scatter_copy.o(!!handler_copy)
    __scatterload_zeroinit                   0x0000011d   Thumb Code    28  __scatter_zi.o(!!handler_zi)
    _printf_n                                0x00000139   Thumb Code     0  _printf_n.o(.ARM.Collect$$_printf_percent$$00000001)
    _printf_percent                          0x00000139   Thumb Code     0  _printf_percent.o(.ARM.Collect$$_printf_percent$$00000000)
    _printf_p                                0x0000013f   Thumb Code     0  _printf_p.o(.ARM.Collect$$_printf_percent$$00000002)
    _printf_f                                0x00000145   Thumb Code     0  _printf_f.o(.ARM.Collect$$_printf_percent$$00000003)
    _printf_e                                0x0000014b   Thumb Code     0  _printf_e.o(.ARM.Collect$$_printf_percent$$00000004)
    _printf_g                                0x00000151   Thumb Code     0  _printf_g.o(.ARM.Collect$$_printf_percent$$00000005)
    _printf_a                                0x00000157   Thumb Code     0  _printf_a.o(.ARM.Collect$$_printf_percent$$00000006)
    _printf_ll                               0x0000015d   Thumb Code     0  _printf_ll.o(.ARM.Collect$$_printf_percent$$00000007)
    _printf_i                                0x00000167   Thumb Code     0  _printf_i.o(.ARM.Collect$$_printf_percent$$00000008)
    _printf_d                                0x0000016d   Thumb Code     0  _printf_d.o(.ARM.Collect$$_printf_percent$$00000009)
    _printf_u                                0x00000173   Thumb Code     0  _printf_u.o(.ARM.Collect$$_printf_percent$$0000000A)
    _printf_o                                0x00000179   Thumb Code     0  _printf_o.o(.ARM.Collect$$_printf_percent$$0000000B)
    _printf_x                                0x0000017f   Thumb Code     0  _printf_x.o(.ARM.Collect$$_printf_percent$$0000000C)
    _printf_lli                              0x00000185   Thumb Code     0  _printf_lli.o(.ARM.Collect$$_printf_percent$$0000000D)
    _printf_lld                              0x0000018b   Thumb Code     0  _printf_lld.o(.ARM.Collect$$_printf_percent$$0000000E)
    _printf_llu                              0x00000191   Thumb Code     0  _printf_llu.o(.ARM.Collect$$_printf_percent$$0000000F)
    _printf_llo                              0x00000197   Thumb Code     0  _printf_llo.o(.ARM.Collect$$_printf_percent$$00000010)
    _printf_llx                              0x0000019d   Thumb Code     0  _printf_llx.o(.ARM.Collect$$_printf_percent$$00000011)
    _printf_l                                0x000001a3   Thumb Code     0  _printf_l.o(.ARM.Collect$$_printf_percent$$00000012)
    _printf_c                                0x000001ad   Thumb Code     0  _printf_c.o(.ARM.Collect$$_printf_percent$$00000013)
    _printf_s                                0x000001b3   Thumb Code     0  _printf_s.o(.ARM.Collect$$_printf_percent$$00000014)
    _printf_lc                               0x000001b9   Thumb Code     0  _printf_lc.o(.ARM.Collect$$_printf_percent$$00000015)
    _printf_ls                               0x000001bf   Thumb Code     0  _printf_ls.o(.ARM.Collect$$_printf_percent$$00000016)
    _printf_percent_end                      0x000001c5   Thumb Code     0  _printf_percent_end.o(.ARM.Collect$$_printf_percent$$00000017)
    __rt_lib_init                            0x000001c9   Thumb Code     0  libinit.o(.ARM.Collect$$libinit$$00000000)
    __rt_lib_init_fp_1                       0x000001cb   Thumb Code     0  libinit2.o(.ARM.Collect$$libinit$$00000002)
    __rt_lib_init_heap_2                     0x000001cb   Thumb Code     0  libinit2.o(.ARM.Collect$$libinit$$00000003)
    __rt_lib_init_heap_1                     0x000001d3   Thumb Code     0  libinit2.o(.ARM.Collect$$libinit$$00000008)
    __rt_lib_init_lc_common                  0x000001d3   Thumb Code     0  libinit2.o(.ARM.Collect$$libinit$$0000000D)
    __rt_lib_init_rand_1                     0x000001d3   Thumb Code     0  libinit2.o(.ARM.Collect$$libinit$$0000000C)
    __rt_lib_init_user_alloc_1               0x000001d3   Thumb Code     0  libinit2.o(.ARM.Collect$$libinit$$0000000A)
    __rt_lib_init_lc_collate_1               0x000001d9   Thumb Code     0  libinit2.o(.ARM.Collect$$libinit$$0000000F)
    __rt_lib_init_lc_ctype_2                 0x000001d9   Thumb Code     0  libinit2.o(.ARM.Collect$$libinit$$00000010)
    __rt_lib_init_lc_ctype_1                 0x000001e5   Thumb Code     0  libinit2.o(.ARM.Collect$$libinit$$00000011)
    __rt_lib_init_lc_monetary_1              0x000001e5   Thumb Code     0  libinit2.o(.ARM.Collect$$libinit$$00000013)
    __rt_lib_init_lc_numeric_2               0x000001e5   Thumb Code     0  libinit2.o(.ARM.Collect$$libinit$$00000014)
    __rt_lib_init_atexit_1                   0x000001ef   Thumb Code     0  libinit2.o(.ARM.Collect$$libinit$$00000019)
    __rt_lib_init_clock_1                    0x000001ef   Thumb Code     0  libinit2.o(.ARM.Collect$$libinit$$0000001F)
    __rt_lib_init_fp_trap_1                  0x000001ef   Thumb Code     0  libinit2.o(.ARM.Collect$$libinit$$0000001D)
    __rt_lib_init_getenv_1                   0x000001ef   Thumb Code     0  libinit2.o(.ARM.Collect$$libinit$$00000021)
    __rt_lib_init_lc_numeric_1               0x000001ef   Thumb Code     0  libinit2.o(.ARM.Collect$$libinit$$00000015)
    __rt_lib_init_lc_time_1                  0x000001ef   Thumb Code     0  libinit2.o(.ARM.Collect$$libinit$$00000017)
    __rt_lib_init_signal_1                   0x000001ef   Thumb Code     0  libinit2.o(.ARM.Collect$$libinit$$0000001B)
    __rt_lib_init_stdio_2                    0x000001ef   Thumb Code     0  libinit2.o(.ARM.Collect$$libinit$$00000022)
    __rt_lib_init_alloca_1                   0x000001f3   Thumb Code     0  libinit2.o(.ARM.Collect$$libinit$$0000002C)
    __rt_lib_init_argv_1                     0x000001f3   Thumb Code     0  libinit2.o(.ARM.Collect$$libinit$$0000002A)
    __rt_lib_init_cpp_2                      0x000001f3   Thumb Code     0  libinit2.o(.ARM.Collect$$libinit$$0000002F)
    __rt_lib_init_exceptions_1               0x000001f3   Thumb Code     0  libinit2.o(.ARM.Collect$$libinit$$0000002E)
    __rt_lib_init_stdio_1                    0x000001f3   Thumb Code     0  libinit2.o(.ARM.Collect$$libinit$$00000023)
    __rt_lib_init_cpp_1                      0x000001f7   Thumb Code     0  libinit2.o(.ARM.Collect$$libinit$$00000030)
    __rt_lib_init_return                     0x000001f7   Thumb Code     0  libinit2.o(.ARM.Collect$$libinit$$00000031)
    __rt_lib_shutdown_cpp_1                  0x000001f9   Thumb Code     0  libshutdown2.o(.ARM.Collect$$libshutdown$$00000001)
    __rt_entry                               0x000001ff   Thumb Code     0  rtentry.o(.ARM.Collect$$rtentry$$00000000)
    __rt_entry_presh_1                       0x000001ff   Thumb Code     0  rtentry2.o(.ARM.Collect$$rtentry$$00000002)
    __rt_entry_sh                            0x000001ff   Thumb Code     0  rtentry4.o(.ARM.Collect$$rtentry$$00000004)
    __rt_lib_shutdown_stdio_2                0x000001ff   Thumb Code     0  libshutdown2.o(.ARM.Collect$$libshutdown$$00000003)
    __rt_entry_li                            0x00000205   Thumb Code     0  rtentry2.o(.ARM.Collect$$rtentry$$0000000A)
    __rt_entry_postsh_1                      0x00000205   Thumb Code     0  rtentry2.o(.ARM.Collect$$rtentry$$00000009)
    __rt_entry_main                          0x00000209   Thumb Code     0  rtentry2.o(.ARM.Collect$$rtentry$$0000000D)
    __rt_entry_postli_1                      0x00000209   Thumb Code     0  rtentry2.o(.ARM.Collect$$rtentry$$0000000C)
    Reset_Handler                            0x00000211   Thumb Code     8  startup_LPC17xx.o(.text)
    _maybe_terminate_alloc                   0x00000211   Thumb Code     0  maybetermalloc1.o(.emb_text)
    NMI_Handler                              0x00000219   Thumb Code     2  startup_LPC17xx.o(.text)
    HardFault_Handler                        0x0000021b   Thumb Code     2  startup_LPC17xx.o(.text)
    MemManage_Handler                        0x0000021d   Thumb Code     2  startup_LPC17xx.o(.text)
    BusFault_Handler                         0x0000021f   Thumb Code     2  startup_LPC17xx.o(.text)
    UsageFault_Handler                       0x00000221   Thumb Code     2  startup_LPC17xx.o(.text)
    SVC_Handler                              0x00000223   Thumb Code     2  startup_LPC17xx.o(.text)
    DebugMon_Handler                         0x00000225   Thumb Code     2  startup_LPC17xx.o(.text)
    PendSV_Handler                           0x00000227   Thumb Code     2  startup_LPC17xx.o(.text)
    SysTick_Handler                          0x00000229   Thumb Code     2  startup_LPC17xx.o(.text)
    ADC_IRQHandler                           0x0000022b   Thumb Code     0  startup_LPC17xx.o(.text)
    BOD_IRQHandler                           0x0000022b   Thumb Code     0  startup_LPC17xx.o(.text)
    CAN_IRQHandler                           0x0000022b   Thumb Code     0  startup_LPC17xx.o(.text)
    DMA_IRQHandler                           0x0000022b   Thumb Code     0  startup_LPC17xx.o(.text)
    EINT0_IRQHandler                         0x0000022b   Thumb Code     0  startup_LPC17xx.o(.text)
    EINT1_IRQHandler                         0x0000022b   Thumb Code     0  startup_LPC17xx.o(.text)
    EINT2_IRQHandler                         0x0000022b   Thumb Code     0  startup_LPC17xx.o(.text)
    EINT3_IRQHandler                         0x0000022b   Thumb Code     0  startup_LPC17xx.o(.text)
    ENET_IRQHandler                          0x0000022b   Thumb Code     0  startup_LPC17xx.o(.text)
    I2C0_IRQHandler                          0x0000022b   Thumb Code     0  startup_LPC17xx.o(.text)
    I2C1_IRQHandler                          0x0000022b   Thumb Code     0  startup_LPC17xx.o(.text)
    I2C2_IRQHandler                          0x0000022b   Thumb Code     0  startup_LPC17xx.o(.text)
    I2S_IRQHandler                           0x0000022b   Thumb Code     0  startup_LPC17xx.o(.text)
    MCPWM_IRQHandler                         0x0000022b   Thumb Code     0  startup_LPC17xx.o(.text)
    PLL0_IRQHandler                          0x0000022b   Thumb Code     0  startup_LPC17xx.o(.text)
    PLL1_IRQHandler                          0x0000022b   Thumb Code     0  startup_LPC17xx.o(.text)
    PWM1_IRQHandler                          0x0000022b   Thumb Code     0  startup_LPC17xx.o(.text)
    QEI_IRQHandler                           0x0000022b   Thumb Code     0  startup_LPC17xx.o(.text)
    RIT_IRQHandler                           0x0000022b   Thumb Code     0  startup_LPC17xx.o(.text)
    RTC_IRQHandler                           0x0000022b   Thumb Code     0  startup_LPC17xx.o(.text)
    SPI_IRQHandler                           0x0000022b   Thumb Code     0  startup_LPC17xx.o(.text)
    SSP0_IRQHandler                          0x0000022b   Thumb Code     0  startup_LPC17xx.o(.text)
    SSP1_IRQHandler                          0x0000022b   Thumb Code     0  startup_LPC17xx.o(.text)
    TIMER0_IRQHandler                        0x0000022b   Thumb Code     0  startup_LPC17xx.o(.text)
    TIMER1_IRQHandler                        0x0000022b   Thumb Code     0  startup_LPC17xx.o(.text)
    TIMER2_IRQHandler                        0x0000022b   Thumb Code     0  startup_LPC17xx.o(.text)
    TIMER3_IRQHandler                        0x0000022b   Thumb Code     0  startup_LPC17xx.o(.text)
    UART0_IRQHandler                         0x0000022b   Thumb Code     0  startup_LPC17xx.o(.text)
    UART1_IRQHandler                         0x0000022b   Thumb Code     0  startup_LPC17xx.o(.text)
    UART2_IRQHandler                         0x0000022b   Thumb Code     0  startup_LPC17xx.o(.text)
    UART3_IRQHandler                         0x0000022b   Thumb Code     0  startup_LPC17xx.o(.text)
    USB_IRQHandler                           0x0000022b   Thumb Code     0  startup_LPC17xx.o(.text)
    WDT_IRQHandler                           0x0000022b   Thumb Code     0  startup_LPC17xx.o(.text)
    vfprintf                                 0x00000235   Thumb Code    10  vfprintf.o(.text)
    __2fprintf                               0x0000023f   Thumb Code    20  __2fprintf.o(.text)
    _printf_str                              0x00000253   Thumb Code    82  _printf_str.o(.text)
    __0sscanf                                0x000002a5   Thumb Code    52  __0sscanf.o(.text)
    __aeabi_memset                           0x000002e1   Thumb Code    16  aeabi_memset.o(.text)
    __rt_ddtor_pointer_addr                  0x000002f1   Thumb Code     8  rt_ddtor_pointer_addr.o(.text)
    __use_no_heap                            0x000002f9   Thumb Code     2  hguard.o(.text)
    __heap$guard                             0x000002fb   Thumb Code     2  hguard.o(.text)
    parse_hex_blob(unsigned char*, unsigned, unsigned*, unsigned char*, unsigned, unsigned*, unsigned*) 0x00000355   Thumb Code   520  main.o(.text)
    $Super$$main                             0x0000055d   Thumb Code   218  main.o(.text)
    _printf_int_dec                          0x000006c9   Thumb Code   102  _printf_dec.o(.text)
    __printf                                 0x00000741   Thumb Code   390  __printf_flags_ss_wp.o(.text)
    _scanf_int                               0x000008cd   Thumb Code   336  _scanf_int.o(.text)
    _do_fflush                               0x00000a1d   Thumb Code    54  fflush.o(.text)
    fflush                                   0x00000a53   Thumb Code    42  fflush.o(.text)
    strlen                                   0x00000a81   Thumb Code    62  strlen.o(.text)
    strncmp                                  0x00000abf   Thumb Code   150  strncmp.o(.text)
    __aeabi_memcpy                           0x00000b55   Thumb Code     0  rt_memcpy_v6.o(.text)
    __rt_memcpy                              0x00000b55   Thumb Code   138  rt_memcpy_v6.o(.text)
    _memcpy_lastbytes                        0x00000bbb   Thumb Code     0  rt_memcpy_v6.o(.text)
    __aeabi_memmove4                         0x00000bdf   Thumb Code     0  rt_memmove_w.o(.text)
    __aeabi_memmove8                         0x00000bdf   Thumb Code     0  rt_memmove_w.o(.text)
    __rt_memmove_w                           0x00000bdf   Thumb Code   122  rt_memmove_w.o(.text)
    __memmove_aligned                        0x00000c05   Thumb Code     0  rt_memmove_w.o(.text)
    __memmove_lastfew_aligned                0x00000c3d   Thumb Code     0  rt_memmove_w.o(.text)
    __aeabi_memclr4                          0x00000c59   Thumb Code     0  rt_memclr_w.o(.text)
    __aeabi_memclr8                          0x00000c59   Thumb Code     0  rt_memclr_w.o(.text)
    __rt_memclr_w                            0x00000c59   Thumb Code    78  rt_memclr_w.o(.text)
    _memset_w                                0x00000c5d   Thumb Code     0  rt_memclr_w.o(.text)
    strcmp                                   0x00000ca9   Thumb Code   128  strcmpv7m.o(.text)
    __cpp_initialize__aeabi_                 0x00000d29   Thumb Code    26  init_aeabi.o(.text)
    malloc                                   0x00000d4d   Thumb Code    94  h1_alloc.o(.text)
    free                                     0x00000dab   Thumb Code    78  h1_free.o(.text)
    _printf_pre_padding                      0x00000df9   Thumb Code    46  _printf_pad.o(.text)
    _printf_post_padding                     0x00000e27   Thumb Code    36  _printf_pad.o(.text)
    _printf_truncate_signed                  0x00000e4b   Thumb Code    18  _printf_truncate.o(.text)
    _printf_truncate_unsigned                0x00000e5d   Thumb Code    18  _printf_truncate.o(.text)
    _printf_int_common                       0x00000e6f   Thumb Code   184  _printf_intcommon.o(.text)
    _printf_charcount                        0x00000f27   Thumb Code    42  _printf_charcount.o(.text)
    _printf_char_common                      0x00000f5b   Thumb Code    32  _printf_char_common.o(.text)
    _printf_cs_common                        0x00000f81   Thumb Code    20  _printf_char.o(.text)
    _printf_char                             0x00000f95   Thumb Code    16  _printf_char.o(.text)
    _printf_string                           0x00000fa5   Thumb Code     8  _printf_char.o(.text)
    _printf_char_file                        0x00000fad   Thumb Code    32  _printf_char_file.o(.text)
    _printf_wctomb                           0x00000fd1   Thumb Code   182  _printf_wctomb.o(.text)
    _printf_longlong_dec                     0x0000108d   Thumb Code   104  _printf_longlong_dec.o(.text)
    _printf_longlong_oct                     0x00001105   Thumb Code    76  _printf_oct_int_ll.o(.text)
    _printf_int_oct                          0x00001151   Thumb Code    24  _printf_oct_int_ll.o(.text)
    _printf_ll_oct                           0x00001169   Thumb Code    12  _printf_oct_int_ll.o(.text)
    _printf_longlong_hex                     0x0000117d   Thumb Code    92  _printf_hex_int_ll_ptr.o(.text)
    _printf_int_hex                          0x000011d9   Thumb Code    28  _printf_hex_int_ll_ptr.o(.text)
    _printf_ll_hex                           0x000011f5   Thumb Code    12  _printf_hex_int_ll_ptr.o(.text)
    _printf_hex_ptr                          0x00001201   Thumb Code    18  _printf_hex_int_ll_ptr.o(.text)
    _chval                                   0x00001219   Thumb Code    28  _chval.o(.text)
    __vfscanf_char                           0x00001241   Thumb Code    24  scanf_char.o(.text)
    _sgetc                                   0x00001261   Thumb Code    30  _sgetc.o(.text)
    _sbackspace                              0x0000127f   Thumb Code    34  _sgetc.o(.text)
    _fseek                                   0x000012a1   Thumb Code   242  fseek.o(.text)
    fseek                                    0x000012a1   Thumb Code     0  fseek.o(.text)
    _seterr                                  0x00001399   Thumb Code    20  stdio.o(.text)
    _writebuf                                0x000013ad   Thumb Code    84  stdio.o(.text)
    _fflush                                  0x00001401   Thumb Code    70  stdio.o(.text)
    _deferredlazyseek                        0x00001447   Thumb Code    60  stdio.o(.text)
    _initio                                  0x00001489   Thumb Code   210  initio.o(.text)
    _terminateio                             0x0000155b   Thumb Code    56  initio.o(.text)
    __aeabi_memcpy4                          0x000015c1   Thumb Code     0  rt_memcpy_w.o(.text)
    __aeabi_memcpy8                          0x000015c1   Thumb Code     0  rt_memcpy_w.o(.text)
    __rt_memcpy_w                            0x000015c1   Thumb Code   100  rt_memcpy_w.o(.text)
    _memcpy_lastbytes_aligned                0x00001609   Thumb Code     0  rt_memcpy_w.o(.text)
    __aeabi_memclr                           0x00001625   Thumb Code     0  rt_memclr.o(.text)
    __rt_memclr                              0x00001625   Thumb Code    68  rt_memclr.o(.text)
    _memset                                  0x00001629   Thumb Code     0  rt_memclr.o(.text)
    __rt_heap_descriptor                     0x00001669   Thumb Code     8  rt_heap_descriptor.o(.text)
    _terminate_user_alloc                    0x00001671   Thumb Code     2  init_alloc.o(.text)
    _init_user_alloc                         0x00001673   Thumb Code     2  init_alloc.o(.text)
    __Heap_Full                              0x00001675   Thumb Code    34  init_alloc.o(.text)
    __Heap_Broken                            0x00001697   Thumb Code     6  init_alloc.o(.text)
    _init_alloc                              0x0000169d   Thumb Code    94  init_alloc.o(.text)
    __Heap_Initialize                        0x000016fb   Thumb Code    10  h1_init.o(.text)
    __Heap_DescSize                          0x00001705   Thumb Code     4  h1_init.o(.text)
    _ll_udiv10                               0x00001709   Thumb Code   138  lludiv10.o(.text)
    isspace                                  0x00001793   Thumb Code    18  isspace.o(.text)
    __lib_sel_fp_printf                      0x000017a5   Thumb Code     2  _printf_fp_dec.o(.text)
    _printf_fp_dec_real                      0x00001951   Thumb Code   628  _printf_fp_dec.o(.text)
    _printf_fp_hex_real                      0x00001bc5   Thumb Code   760  _printf_fp_hex.o(.text)
    _printf_lcs_common                       0x00001ec5   Thumb Code    20  _printf_wchar.o(.text)
    _printf_wchar                            0x00001ed9   Thumb Code    16  _printf_wchar.o(.text)
    _printf_wstring                          0x00001ee9   Thumb Code     8  _printf_wchar.o(.text)
    __vfscanf                                0x00001ef1   Thumb Code   876  _scanf.o(.text)
    ferror                                   0x00002261   Thumb Code     8  ferror.o(.text)
    _ftell_internal                          0x00002269   Thumb Code    70  ftell.o(.text)
    ftell                                    0x00002269   Thumb Code     0  ftell.o(.text)
    setvbuf                                  0x000022af   Thumb Code    70  setvbuf.o(.text)
    freopen                                  0x000022f5   Thumb Code   158  fopen.o(.text)
    fopen                                    0x00002393   Thumb Code    74  fopen.o(.text)
    _fclose_internal                         0x000023e1   Thumb Code    76  fclose.o(.text)
    fclose                                   0x000023e1   Thumb Code     0  fclose.o(.text)
    _wcrtomb                                 0x0000242d   Thumb Code    64  _wcrtomb.o(.text)
    __sig_exit                               0x0000246d   Thumb Code    10  defsig_exit.o(.text)
    __rt_SIGRTRED                            0x00002477   Thumb Code    14  defsig_rtred_outer.o(.text)
    _sys_exit                                0x00002485   Thumb Code     8  sys_exit.o(.text)
    __rt_ctype_table                         0x00002491   Thumb Code    16  rt_ctype_table.o(.text)
    __rt_locale                              0x000024a1   Thumb Code     8  rt_locale.o(.text)
    __aeabi_errno_addr                       0x000024a9   Thumb Code     8  rt_errno_addr.o(.text)
    __errno                                  0x000024a9   Thumb Code     0  rt_errno_addr.o(.text)
    __rt_errno_addr                          0x000024a9   Thumb Code     0  rt_errno_addr.o(.text)
    __Heap_ProvideMemory                     0x000024b1   Thumb Code    52  h1_extend.o(.text)
    _printf_fp_infnan                        0x000024e5   Thumb Code   112  _printf_fp_infnan.o(.text)
    _btod_etento                             0x00002565   Thumb Code   222  bigflt0.o(.text)
    __flsbuf                                 0x00002649   Thumb Code   478  flsbuf.o(.text)
    __flsbuf_byte                            0x00002649   Thumb Code     0  flsbuf.o(.text)
    __flsbuf_wide                            0x00002649   Thumb Code     0  flsbuf.o(.text)
    __default_signal_display                 0x00002827   Thumb Code    50  defsig_general.o(.text)
    __rt_SIGRTRED_inner                      0x00002859   Thumb Code    14  defsig_rtred_inner.o(.text)
    __rt_SIGRTMEM                            0x0000288d   Thumb Code    14  defsig_rtmem_outer.o(.text)
    __rt_heap_escrow                         0x0000289d   Thumb Code    22  heapauxa.o(.text)
    __rt_heap_expand                         0x000028b3   Thumb Code    52  heapauxa.o(.text)
    _ttywrch                                 0x000028ed   Thumb Code    14  sys_wrch.o(.text)
    __I$use$semihosting                      0x000028fb   Thumb Code     0  use_no_semi.o(.text)
    __use_no_semihosting_swi                 0x000028fb   Thumb Code     2  use_no_semi.o(.text)
    __rt_SIGRTMEM_inner                      0x000028fd   Thumb Code    22  defsig_rtmem_inner.o(.text)
    __semihosting_library_function           0x000028fd   Thumb Code     0  indicate_semi.o(.text)
    _btod_d2e                                0x0000294d   Thumb Code    62  btod.o(CL$$btod_d2e)
    _d2e_denorm_low                          0x0000298b   Thumb Code    70  btod.o(CL$$btod_d2e_denorm_low)
    _d2e_norm_op1                            0x000029d1   Thumb Code    96  btod.o(CL$$btod_d2e_norm_op1)
    __btod_div_common                        0x00002a31   Thumb Code   696  btod.o(CL$$btod_div_common)
    _e2e                                     0x00002d69   Thumb Code   198  btod.o(CL$$btod_e2e)
    _btod_ediv                               0x00002e2f   Thumb Code    40  btod.o(CL$$btod_ediv)
    _btod_emul                               0x00002e57   Thumb Code    40  btod.o(CL$$btod_emul)
    __btod_mult_common                       0x00002e7f   Thumb Code   580  btod.o(CL$$btod_mult_common)
    main                                     0x000030c3   Thumb Code    18  retarget.o(i.$Sub$$main)
    NVIC_SetVector                           0x000030dd   Thumb Code   102  cmsis_nvic.o(i.NVIC_SetVector)
    SystemInit                               0x00003149   Thumb Code   150  system_LPC17xx.o(i.SystemInit)
    mbed::SerialBase::_base_putc(int)        0x000031e9   Thumb Code    14  SerialBase.o(i._ZN4mbed10SerialBase10_base_putcEi)
    mbed::SerialBase::_irq_handler(unsigned, SerialIrq) 0x000031f7   Thumb Code    14  SerialBase.o(i._ZN4mbed10SerialBase12_irq_handlerEj9SerialIrq)
    mbed::SerialBase::SerialBase(PinName, PinName) 0x00003205   Thumb Code    62  SerialBase.o(i._ZN4mbed10SerialBaseC1E7PinNameS1_)
    mbed::SerialBase::SerialBase__sub_object(PinName, PinName) 0x00003205   Thumb Code     0  SerialBase.o(i._ZN4mbed10SerialBaseC1E7PinNameS1_)
    mbed::FunctionPointer::call()            0x00003251   Thumb Code    24  FunctionPointer.o(i._ZN4mbed15FunctionPointer4callEv)
    mbed::FunctionPointer::FunctionPointer(void(*)()) 0x00003269   Thumb Code    10  FunctionPointer.o(i._ZN4mbed15FunctionPointerC1EPFvvE)
    mbed::FunctionPointer::FunctionPointer__sub_object(void(*)()) 0x00003269   Thumb Code     0  FunctionPointer.o(i._ZN4mbed15FunctionPointerC1EPFvvE)
    mbed::FileBase::getPathType()            0x00003273   Thumb Code     4  FileBase.o(i._ZN4mbed8FileBase11getPathTypeEv)
    mbed::FileBase::lookup(const char*, unsigned) 0x00003279   Thumb Code    50  FileBase.o(i._ZN4mbed8FileBase6lookupEPKcj)
    mbed::FilePath::fileSystem()             0x000032b1   Thumb Code    24  FilePath.o(i._ZN4mbed8FilePath10fileSystemEv)
    mbed::FilePath::file()                   0x000032c9   Thumb Code    28  FilePath.o(i._ZN4mbed8FilePath4fileEv)
    mbed::FilePath::exists()                 0x000032e5   Thumb Code    10  FilePath.o(i._ZN4mbed8FilePath6existsEv)
    mbed::FilePath::isFile()                 0x000032ef   Thumb Code    24  FilePath.o(i._ZN4mbed8FilePath6isFileEv)
    mbed::FilePath::fileName()               0x00003307   Thumb Code     4  FilePath.o(i._ZN4mbed8FilePath8fileNameEv)
    mbed::FilePath::FilePath(const char*)    0x0000330b   Thumb Code    64  FilePath.o(i._ZN4mbed8FilePathC1EPKc)
    mbed::FilePath::FilePath__sub_object(const char*) 0x0000330b   Thumb Code     0  FilePath.o(i._ZN4mbed8FilePathC1EPKc)
    mbed::RawSerial::putc(int)               0x0000334b   Thumb Code     4  RawSerial.o(i._ZN4mbed9RawSerial4putcEi)
    mbed::RawSerial::RawSerial(PinName, PinName) 0x00003351   Thumb Code    12  RawSerial.o(i._ZN4mbed9RawSerialC1E7PinNameS1_)
    mbed::RawSerial::RawSerial__sub_object(PinName, PinName) 0x00003351   Thumb Code     0  RawSerial.o(i._ZN4mbed9RawSerialC1E7PinNameS1_)
    mbed::RawSerial::~RawSerial()            0x00003361   Thumb Code     2  RawSerial.o(i._ZN4mbed9RawSerialD1Ev)
    mbed::RawSerial::~RawSerial__sub_object() 0x00003361   Thumb Code     0  RawSerial.o(i._ZN4mbed9RawSerialD1Ev)
    __ARM_fpclassify                         0x00003363   Thumb Code    40  fpclassify.o(i.__ARM_fpclassify)
    __aeabi_atexit                           0x0000338b   Thumb Code    50  aeabi_atexit.o(i.__aeabi_atexit)
    __aeabi_vec_ctor_nocookie_nodtor         0x000033bd   Thumb Code    34  aeabi_vec_ctor_nocookie_nodtor.o(i.__aeabi_vec_ctor_nocookie_nodtor)
    __cxa_finalize                           0x000033df   Thumb Code    66  cxa_finalize.o(i.__cxa_finalize)
    __user_setup_stackheap                   0x00003421   Thumb Code    10  sys.o(i.__user_setup_stackheap)
    _is_digit                                0x00003431   Thumb Code    14  __printf_wp.o(i._is_digit)
    _sys_close                               0x00003441   Thumb Code    40  retarget.o(i._sys_close)
    _sys_flen                                0x0000346d   Thumb Code    34  retarget.o(i._sys_flen)
    _sys_istty                               0x00003495   Thumb Code    34  retarget.o(i._sys_istty)
    _sys_open                                0x000034bd   Thumb Code   300  retarget.o(i._sys_open)
    _sys_seek                                0x00003609   Thumb Code    36  retarget.o(i._sys_seek)
    _sys_write                               0x00003631   Thumb Code    82  retarget.o(i._sys_write)
    error                                    0x00003695   Thumb Code    20  error.o(i.error)
    exit                                     0x000036ad   Thumb Code    36  exit.o(i.exit)
    fputc                                    0x000036d9   Thumb Code    26  fputc.o(i.fputc)
    gpio_dir                                 0x000036f5   Thumb Code    52  gpio_api.o(i.gpio_dir)
    gpio_init                                0x00003745   Thumb Code    56  gpio_api.o(i.gpio_init)
    gpio_init_in                             0x0000377d   Thumb Code    38  gpio.o(i.gpio_init_in)
    gpio_init_out                            0x000037a5   Thumb Code    62  gpio.o(i.gpio_init_out)
    gpio_init_out_ex                         0x000037e9   Thumb Code    74  gpio.o(i.gpio_init_out_ex)
    gpio_mode                                0x00003839   Thumb Code     6  gpio_api.o(i.gpio_mode)
    mbed_assert_internal                     0x00003841   Thumb Code    24  assert.o(i.mbed_assert_internal)
    mbed_die                                 0x00003891   Thumb Code   242  board.o(i.mbed_die)
    mbed_interface_connected                 0x00003999   Thumb Code     4  mbed_interface.o(i.mbed_interface_connected)
    mbed_main                                0x0000399d   Thumb Code     2  retarget.o(i.mbed_main)
    mbed_sdk_init                            0x0000399f   Thumb Code     2  retarget.o(i.mbed_sdk_init)
    pin_function                             0x000039a1   Thumb Code    62  pinmap.o(i.pin_function)
    pin_mode                                 0x000039fd   Thumb Code   104  pinmap.o(i.pin_mode)
    pinmap_find_peripheral                   0x00003a81   Thumb Code    30  pinmap_common.o(i.pinmap_find_peripheral)
    pinmap_merge                             0x00003aa1   Thumb Code    34  pinmap_common.o(i.pinmap_merge)
    pinmap_peripheral                        0x00003ad9   Thumb Code    54  pinmap_common.o(i.pinmap_peripheral)
    pinmap_pinout                            0x00003b31   Thumb Code    60  pinmap_common.o(i.pinmap_pinout)
    semihost_connected                       0x00003b81   Thumb Code    10  semihost_api.o(i.semihost_connected)
    semihost_exit                            0x00003b91   Thumb Code    12  semihost_api.o(i.semihost_exit)
    serial_baud                              0x00003b9d   Thumb Code   408  serial_api.o(i.serial_baud)
    serial_format                            0x00003d61   Thumb Code   154  serial_api.o(i.serial_format)
    serial_init                              0x00003e01   Thumb Code   334  serial_api.o(i.serial_init)
    serial_irq_handler                       0x00003f79   Thumb Code    18  serial_api.o(i.serial_irq_handler)
    serial_putc                              0x00004069   Thumb Code   100  serial_api.o(i.serial_putc)
    serial_set_flow_control                  0x000040d1   Thumb Code   252  serial_api.o(i.serial_set_flow_control)
    uart0_irq                                0x000041dd   Thumb Code    14  serial_api.o(i.uart0_irq)
    uart1_irq                                0x000041f1   Thumb Code    14  serial_api.o(i.uart1_irq)
    uart2_irq                                0x00004205   Thumb Code    14  serial_api.o(i.uart2_irq)
    uart3_irq                                0x00004219   Thumb Code    14  serial_api.o(i.uart3_irq)
    us_ticker_clear_interrupt                0x00004291   Thumb Code     8  us_ticker.o(i.us_ticker_clear_interrupt)
    us_ticker_disable_interrupt              0x0000429d   Thumb Code    12  us_ticker.o(i.us_ticker_disable_interrupt)
    us_ticker_irq_handler                    0x000042ad   Thumb Code    62  us_ticker_api.o(i.us_ticker_irq_handler)
    us_ticker_read                           0x000042f1   Thumb Code    72  us_ticker.o(i.us_ticker_read)
    us_ticker_set_interrupt                  0x00004351   Thumb Code    14  us_ticker.o(i.us_ticker_set_interrupt)
    wait_ms                                  0x00004365   Thumb Code    28  wait_api.o(i.wait_ms)
    _get_lc_numeric                          0x00004381   Thumb Code    44  lc_numeric_c.o(locale$$code)
    _get_lc_ctype                            0x000043ad   Thumb Code    44  lc_ctype_c.o(locale$$code)
    _printf_fp_dec                           0x000043d9   Thumb Code     4  printf1.o(x$fpl$printf1)
    _printf_fp_hex                           0x000043dd   Thumb Code     4  printf2.o(x$fpl$printf2)
    __I$use$fp                               0x000043e0   Number         0  usenofp.o(x$fpl$usenofp)
    __stdin_name                             0x00040f25   Data           7  retarget.o(.constdata)
    __stdout_name                            0x00040f2c   Data           8  retarget.o(.constdata)
    __stderr_name                            0x00040f34   Data           8  retarget.o(.constdata)
    vtable for mbed::SerialBase              0x00041490   Data          16  SerialBase.o(.constdata__ZTVN4mbed10SerialBaseE)
    vtable for mbed::RawSerial               0x000414a0   Data          16  RawSerial.o(.constdata__ZTVN4mbed9RawSerialE)
    Region$$Table$$Base                      0x000414b0   Number         0  anon$$obj.o(Region$$Table)
    Region$$Table$$Limit                     0x000414d0   Number         0  anon$$obj.o(Region$$Table)
    __ctype                                  0x000414f9   Data           0  lc_ctype_c.o(locale$$data)
    SHT$$INIT_ARRAY$$Base                    0x000415fc   Number         0  main.o(.init_array)
    SHT$$INIT_ARRAY$$Limit                   0x00041600   Number         0  main.o(.init_array)
    hex_file_loc                             0x100000c8   Data           4  main.o(.data)
    SystemCoreClock                          0x100000d8   Data           4  system_LPC17xx.o(.data)
    stdio_uart_inited                        0x100000dc   Data           4  serial_api.o(.data)
    stdio_uart                               0x100000e4   Data           8  serial_api.o(.data)
    us_ticker_inited                         0x100000ec   Data           4  us_ticker.o(.data)
    mbed::FileBase::_head                    0x100000f0   Data           4  FileBase.o(.data)
    __aeabi_stdin                            0x100000fc   Data           4  stdio_streams.o(.data)
    __aeabi_stdout                           0x10000100   Data           4  stdio_streams.o(.data)
    __aeabi_stderr                           0x10000104   Data           4  stdio_streams.o(.data)
    bin_buffer                               0x1000010c   Data         256  main.o(.bss)
    pc                                       0x10000258   Data          72  main.o(.bss)
    __stdin                                  0x100003c0   Data          84  stdio_streams.o(.bss)
    __stdout                                 0x10000414   Data          84  stdio_streams.o(.bss)
    __stderr                                 0x10000468   Data          84  stdio_streams.o(.bss)
    Image$$RW_IRAM1$$ZI$$Limit               0x100004dc   Number         0  rt_errno_addr.o(.bss)



==============================================================================

Memory Map of the image

  Image Entry point : 0x000000c5

  Load Region LR_IROM1 (Base: 0x00000000, Size: 0x00041644, Max: 0x00080000, ABSOLUTE)

    Execution Region ER_IROM1 (Base: 0x00000000, Size: 0x00041600, Max: 0x00080000, ABSOLUTE)

    Base Addr    Size         Type   Attr      Idx    E Section Name        Object

    0x00000000   0x000000c4   Data   RO          408    RESET               startup_LPC17xx.o
    0x000000c4   0x00000008   Code   RO          903  * !!!main             c_w.l(__main.o)
    0x000000cc   0x00000034   Code   RO         1596    !!!scatter          c_w.l(__scatter.o)
    0x00000100   0x0000001a   Code   RO         1598    !!handler_copy      c_w.l(__scatter_copy.o)
    0x0000011a   0x00000002   PAD
    0x0000011c   0x0000001c   Code   RO         1600    !!handler_zi        c_w.l(__scatter_zi.o)
    0x00000138   0x00000000   Code   RO          869    .ARM.Collect$$_printf_percent$$00000000  c_w.l(_printf_percent.o)
    0x00000138   0x00000006   Code   RO         1168    .ARM.Collect$$_printf_percent$$00000001  c_w.l(_printf_n.o)
    0x0000013e   0x00000006   Code   RO         1170    .ARM.Collect$$_printf_percent$$00000002  c_w.l(_printf_p.o)
    0x00000144   0x00000006   Code   RO         1174    .ARM.Collect$$_printf_percent$$00000003  c_w.l(_printf_f.o)
    0x0000014a   0x00000006   Code   RO         1175    .ARM.Collect$$_printf_percent$$00000004  c_w.l(_printf_e.o)
    0x00000150   0x00000006   Code   RO         1176    .ARM.Collect$$_printf_percent$$00000005  c_w.l(_printf_g.o)
    0x00000156   0x00000006   Code   RO         1177    .ARM.Collect$$_printf_percent$$00000006  c_w.l(_printf_a.o)
    0x0000015c   0x0000000a   Code   RO         1182    .ARM.Collect$$_printf_percent$$00000007  c_w.l(_printf_ll.o)
    0x00000166   0x00000006   Code   RO         1172    .ARM.Collect$$_printf_percent$$00000008  c_w.l(_printf_i.o)
    0x0000016c   0x00000006   Code   RO          868    .ARM.Collect$$_printf_percent$$00000009  c_w.l(_printf_d.o)
    0x00000172   0x00000006   Code   RO         1173    .ARM.Collect$$_printf_percent$$0000000A  c_w.l(_printf_u.o)
    0x00000178   0x00000006   Code   RO         1171    .ARM.Collect$$_printf_percent$$0000000B  c_w.l(_printf_o.o)
    0x0000017e   0x00000006   Code   RO         1169    .ARM.Collect$$_printf_percent$$0000000C  c_w.l(_printf_x.o)
    0x00000184   0x00000006   Code   RO         1179    .ARM.Collect$$_printf_percent$$0000000D  c_w.l(_printf_lli.o)
    0x0000018a   0x00000006   Code   RO         1180    .ARM.Collect$$_printf_percent$$0000000E  c_w.l(_printf_lld.o)
    0x00000190   0x00000006   Code   RO         1181    .ARM.Collect$$_printf_percent$$0000000F  c_w.l(_printf_llu.o)
    0x00000196   0x00000006   Code   RO         1186    .ARM.Collect$$_printf_percent$$00000010  c_w.l(_printf_llo.o)
    0x0000019c   0x00000006   Code   RO         1187    .ARM.Collect$$_printf_percent$$00000011  c_w.l(_printf_llx.o)
    0x000001a2   0x0000000a   Code   RO         1183    .ARM.Collect$$_printf_percent$$00000012  c_w.l(_printf_l.o)
    0x000001ac   0x00000006   Code   RO         1167    .ARM.Collect$$_printf_percent$$00000013  c_w.l(_printf_c.o)
    0x000001b2   0x00000006   Code   RO          867    .ARM.Collect$$_printf_percent$$00000014  c_w.l(_printf_s.o)
    0x000001b8   0x00000006   Code   RO         1184    .ARM.Collect$$_printf_percent$$00000015  c_w.l(_printf_lc.o)
    0x000001be   0x00000006   Code   RO         1185    .ARM.Collect$$_printf_percent$$00000016  c_w.l(_printf_ls.o)
    0x000001c4   0x00000004   Code   RO         1178    .ARM.Collect$$_printf_percent$$00000017  c_w.l(_printf_percent_end.o)
    0x000001c8   0x00000002   Code   RO         1520    .ARM.Collect$$libinit$$00000000  c_w.l(libinit.o)
    0x000001ca   0x00000000   Code   RO         1212    .ARM.Collect$$libinit$$00000002  c_w.l(libinit2.o)
    0x000001ca   0x00000008   Code   RO         1213    .ARM.Collect$$libinit$$00000003  c_w.l(libinit2.o)
    0x000001d2   0x00000000   Code   RO         1215    .ARM.Collect$$libinit$$00000008  c_w.l(libinit2.o)
    0x000001d2   0x00000000   Code   RO         1217    .ARM.Collect$$libinit$$0000000A  c_w.l(libinit2.o)
    0x000001d2   0x00000000   Code   RO         1219    .ARM.Collect$$libinit$$0000000C  c_w.l(libinit2.o)
    0x000001d2   0x00000006   Code   RO         1220    .ARM.Collect$$libinit$$0000000D  c_w.l(libinit2.o)
    0x000001d8   0x00000000   Code   RO         1222    .ARM.Collect$$libinit$$0000000F  c_w.l(libinit2.o)
    0x000001d8   0x0000000c   Code   RO         1223    .ARM.Collect$$libinit$$00000010  c_w.l(libinit2.o)
    0x000001e4   0x00000000   Code   RO         1224    .ARM.Collect$$libinit$$00000011  c_w.l(libinit2.o)
    0x000001e4   0x00000000   Code   RO         1226    .ARM.Collect$$libinit$$00000013  c_w.l(libinit2.o)
    0x000001e4   0x0000000a   Code   RO         1227    .ARM.Collect$$libinit$$00000014  c_w.l(libinit2.o)
    0x000001ee   0x00000000   Code   RO         1228    .ARM.Collect$$libinit$$00000015  c_w.l(libinit2.o)
    0x000001ee   0x00000000   Code   RO         1230    .ARM.Collect$$libinit$$00000017  c_w.l(libinit2.o)
    0x000001ee   0x00000000   Code   RO         1232    .ARM.Collect$$libinit$$00000019  c_w.l(libinit2.o)
    0x000001ee   0x00000000   Code   RO         1234    .ARM.Collect$$libinit$$0000001B  c_w.l(libinit2.o)
    0x000001ee   0x00000000   Code   RO         1236    .ARM.Collect$$libinit$$0000001D  c_w.l(libinit2.o)
    0x000001ee   0x00000000   Code   RO         1238    .ARM.Collect$$libinit$$0000001F  c_w.l(libinit2.o)
    0x000001ee   0x00000000   Code   RO         1240    .ARM.Collect$$libinit$$00000021  c_w.l(libinit2.o)
    0x000001ee   0x00000004   Code   RO         1241    .ARM.Collect$$libinit$$00000022  c_w.l(libinit2.o)
    0x000001f2   0x00000000   Code   RO         1242    .ARM.Collect$$libinit$$00000023  c_w.l(libinit2.o)
    0x000001f2   0x00000000   Code   RO         1246    .ARM.Collect$$libinit$$0000002A  c_w.l(libinit2.o)
    0x000001f2   0x00000000   Code   RO         1248    .ARM.Collect$$libinit$$0000002C  c_w.l(libinit2.o)
    0x000001f2   0x00000000   Code   RO         1250    .ARM.Collect$$libinit$$0000002E  c_w.l(libinit2.o)
    0x000001f2   0x00000004   Code   RO         1251    .ARM.Collect$$libinit$$0000002F  c_w.l(libinit2.o)
    0x000001f6   0x00000000   Code   RO         1252    .ARM.Collect$$libinit$$00000030  c_w.l(libinit2.o)
    0x000001f6   0x00000002   Code   RO         1253    .ARM.Collect$$libinit$$00000031  c_w.l(libinit2.o)
    0x000001f8   0x00000006   Code   RO         1254    .ARM.Collect$$libshutdown$$00000001  c_w.l(libshutdown2.o)
    0x000001fe   0x00000000   Code   RO         1256    .ARM.Collect$$libshutdown$$00000003  c_w.l(libshutdown2.o)
    0x000001fe   0x00000000   Code   RO         1040    .ARM.Collect$$rtentry$$00000000  c_w.l(rtentry.o)
    0x000001fe   0x00000000   Code   RO         1322    .ARM.Collect$$rtentry$$00000002  c_w.l(rtentry2.o)
    0x000001fe   0x00000006   Code   RO         1334    .ARM.Collect$$rtentry$$00000004  c_w.l(rtentry4.o)
    0x00000204   0x00000000   Code   RO         1324    .ARM.Collect$$rtentry$$00000009  c_w.l(rtentry2.o)
    0x00000204   0x00000004   Code   RO         1325    .ARM.Collect$$rtentry$$0000000A  c_w.l(rtentry2.o)
    0x00000208   0x00000000   Code   RO         1327    .ARM.Collect$$rtentry$$0000000C  c_w.l(rtentry2.o)
    0x00000208   0x00000008   Code   RO         1328    .ARM.Collect$$rtentry$$0000000D  c_w.l(rtentry2.o)
    0x00000210   0x00000000   Code   RO         1452    .emb_text           c_w.l(maybetermalloc1.o)
    0x00000210   0x00000024   Code   RO          410    .text               startup_LPC17xx.o
    0x00000234   0x0000000a   Code   RO          831    .text               c_w.l(vfprintf.o)
    0x0000023e   0x00000014   Code   RO          837    .text               c_w.l(__2fprintf.o)
    0x00000252   0x00000052   Code   RO          843    .text               c_w.l(_printf_str.o)
    0x000002a4   0x0000003c   Code   RO          870    .text               c_w.l(__0sscanf.o)
    0x000002e0   0x00000010   Code   RO          895    .text               c_w.l(aeabi_memset.o)
    0x000002f0   0x00000008   Code   RO         1050    .text               c_w.l(rt_ddtor_pointer_addr.o)
    0x000002f8   0x00000004   Code   RO         1345    .text               c_w.l(hguard.o)
    0x000002fc   0x00000004   Code   RO          409    .ARM.__at_0x02FC    startup_LPC17xx.o
    0x00000300   0x000003c8   Code   RO            3    .text               main.o
    0x000006c8   0x00000078   Code   RO          845    .text               c_w.l(_printf_dec.o)
    0x00000740   0x0000018c   Code   RO          864    .text               c_w.l(__printf_flags_ss_wp.o)
    0x000008cc   0x00000150   Code   RO          872    .text               c_w.l(_scanf_int.o)
    0x00000a1c   0x00000064   Code   RO          874    .text               c_w.l(fflush.o)
    0x00000a80   0x0000003e   Code   RO          887    .text               c_w.l(strlen.o)
    0x00000abe   0x00000096   Code   RO          889    .text               c_w.l(strncmp.o)
    0x00000b54   0x0000008a   Code   RO          891    .text               c_w.l(rt_memcpy_v6.o)
    0x00000bde   0x0000007a   Code   RO          893    .text               c_w.l(rt_memmove_w.o)
    0x00000c58   0x0000004e   Code   RO          897    .text               c_w.l(rt_memclr_w.o)
    0x00000ca6   0x00000002   PAD
    0x00000ca8   0x00000080   Code   RO          901    .text               c_w.l(strcmpv7m.o)
    0x00000d28   0x00000024   Code   RO          908    .text               c_w.l(init_aeabi.o)
    0x00000d4c   0x0000005e   Code   RO         1059    .text               c_w.l(h1_alloc.o)
    0x00000daa   0x0000004e   Code   RO         1061    .text               c_w.l(h1_free.o)
    0x00000df8   0x00000052   Code   RO         1117    .text               c_w.l(_printf_pad.o)
    0x00000e4a   0x00000024   Code   RO         1119    .text               c_w.l(_printf_truncate.o)
    0x00000e6e   0x000000b8   Code   RO         1121    .text               c_w.l(_printf_intcommon.o)
    0x00000f26   0x0000002a   Code   RO         1123    .text               c_w.l(_printf_charcount.o)
    0x00000f50   0x00000030   Code   RO         1125    .text               c_w.l(_printf_char_common.o)
    0x00000f80   0x0000002c   Code   RO         1131    .text               c_w.l(_printf_char.o)
    0x00000fac   0x00000024   Code   RO         1133    .text               c_w.l(_printf_char_file.o)
    0x00000fd0   0x000000bc   Code   RO         1135    .text               c_w.l(_printf_wctomb.o)
    0x0000108c   0x00000078   Code   RO         1138    .text               c_w.l(_printf_longlong_dec.o)
    0x00001104   0x00000078   Code   RO         1144    .text               c_w.l(_printf_oct_int_ll.o)
    0x0000117c   0x0000009c   Code   RO         1164    .text               c_w.l(_printf_hex_int_ll_ptr.o)
    0x00001218   0x0000001c   Code   RO         1188    .text               c_w.l(_chval.o)
    0x00001234   0x0000002c   Code   RO         1190    .text               c_w.l(scanf_char.o)
    0x00001260   0x00000040   Code   RO         1192    .text               c_w.l(_sgetc.o)
    0x000012a0   0x000000f8   Code   RO         1194    .text               c_w.l(fseek.o)
    0x00001398   0x000000f0   Code   RO         1196    .text               c_w.l(stdio.o)
    0x00001488   0x00000138   Code   RO         1199    .text               c_w.l(initio.o)
    0x000015c0   0x00000064   Code   RO         1207    .text               c_w.l(rt_memcpy_w.o)
    0x00001624   0x00000044   Code   RO         1209    .text               c_w.l(rt_memclr.o)
    0x00001668   0x00000008   Code   RO         1340    .text               c_w.l(rt_heap_descriptor.o)
    0x00001670   0x0000008a   Code   RO         1347    .text               c_w.l(init_alloc.o)
    0x000016fa   0x0000000e   Code   RO         1351    .text               c_w.l(h1_init.o)
    0x00001708   0x0000008a   Code   RO         1365    .text               c_w.l(lludiv10.o)
    0x00001792   0x00000012   Code   RO         1367    .text               c_w.l(isspace.o)
    0x000017a4   0x00000420   Code   RO         1369    .text               c_w.l(_printf_fp_dec.o)
    0x00001bc4   0x00000300   Code   RO         1371    .text               c_w.l(_printf_fp_hex.o)
    0x00001ec4   0x0000002c   Code   RO         1376    .text               c_w.l(_printf_wchar.o)
    0x00001ef0   0x00000370   Code   RO         1378    .text               c_w.l(_scanf.o)
    0x00002260   0x00000008   Code   RO         1380    .text               c_w.l(ferror.o)
    0x00002268   0x00000046   Code   RO         1386    .text               c_w.l(ftell.o)
    0x000022ae   0x00000046   Code   RO         1388    .text               c_w.l(setvbuf.o)
    0x000022f4   0x000000ec   Code   RO         1390    .text               c_w.l(fopen.o)
    0x000023e0   0x0000004c   Code   RO         1392    .text               c_w.l(fclose.o)
    0x0000242c   0x00000040   Code   RO         1402    .text               c_w.l(_wcrtomb.o)
    0x0000246c   0x0000000a   Code   RO         1404    .text               c_w.l(defsig_exit.o)
    0x00002476   0x0000000e   Code   RO         1406    .text               c_w.l(defsig_rtred_outer.o)
    0x00002484   0x0000000c   Code   RO         1436    .text               c_w.l(sys_exit.o)
    0x00002490   0x00000010   Code   RO         1438    .text               c_w.l(rt_ctype_table.o)
    0x000024a0   0x00000008   Code   RO         1440    .text               c_w.l(rt_locale.o)
    0x000024a8   0x00000008   Code   RO         1445    .text               c_w.l(rt_errno_addr.o)
    0x000024b0   0x00000034   Code   RO         1454    .text               c_w.l(h1_extend.o)
    0x000024e4   0x00000080   Code   RO         1458    .text               c_w.l(_printf_fp_infnan.o)
    0x00002564   0x000000e4   Code   RO         1460    .text               c_w.l(bigflt0.o)
    0x00002648   0x000001de   Code   RO         1485    .text               c_w.l(flsbuf.o)
    0x00002826   0x00000032   Code   RO         1494    .text               c_w.l(defsig_general.o)
    0x00002858   0x00000034   Code   RO         1500    .text               c_w.l(defsig_rtred_inner.o)
    0x0000288c   0x0000000e   Code   RO         1502    .text               c_w.l(defsig_rtmem_outer.o)
    0x0000289a   0x00000002   PAD
    0x0000289c   0x00000050   Code   RO         1506    .text               c_w.l(heapauxa.o)
    0x000028ec   0x0000000e   Code   RO         1539    .text               c_w.l(sys_wrch.o)
    0x000028fa   0x00000002   Code   RO         1541    .text               c_w.l(use_no_semi.o)
    0x000028fc   0x00000000   Code   RO         1543    .text               c_w.l(indicate_semi.o)
    0x000028fc   0x00000050   Code   RO         1568    .text               c_w.l(defsig_rtmem_inner.o)
    0x0000294c   0x0000003e   Code   RO         1463    CL$$btod_d2e        c_w.l(btod.o)
    0x0000298a   0x00000046   Code   RO         1465    CL$$btod_d2e_denorm_low  c_w.l(btod.o)
    0x000029d0   0x00000060   Code   RO         1464    CL$$btod_d2e_norm_op1  c_w.l(btod.o)
    0x00002a30   0x00000338   Code   RO         1473    CL$$btod_div_common  c_w.l(btod.o)
    0x00002d68   0x000000c6   Code   RO         1470    CL$$btod_e2e        c_w.l(btod.o)
    0x00002e2e   0x00000028   Code   RO         1467    CL$$btod_ediv       c_w.l(btod.o)
    0x00002e56   0x00000028   Code   RO         1466    CL$$btod_emul       c_w.l(btod.o)
    0x00002e7e   0x00000244   Code   RO         1472    CL$$btod_mult_common  c_w.l(btod.o)
    0x000030c2   0x00000012   Code   RO          280    i.$Sub$$main        retarget.o
    0x000030d4   0x00000006   Code   RO          683    i.<Func1>           mbed.ar(SerialBase.o)
    0x000030da   0x00000002   PAD
    0x000030dc   0x0000006c   Code   RO          403    i.NVIC_SetVector    cmsis_nvic.o
    0x00003148   0x000000a0   Code   RO          387    i.SystemInit        system_LPC17xx.o
    0x000031e8   0x0000000e   Code   RO          685    i._ZN4mbed10SerialBase10_base_putcEi  mbed.ar(SerialBase.o)
    0x000031f6   0x0000000e   Code   RO          687    i._ZN4mbed10SerialBase12_irq_handlerEj9SerialIrq  mbed.ar(SerialBase.o)
    0x00003204   0x0000004c   Code   RO          694    i._ZN4mbed10SerialBaseC1E7PinNameS1_  mbed.ar(SerialBase.o)
    0x00003250   0x00000018   Code   RO          747    i._ZN4mbed15FunctionPointer4callEv  mbed.ar(FunctionPointer.o)
    0x00003268   0x0000000a   Code   RO          749    i._ZN4mbed15FunctionPointerC1EPFvvE  mbed.ar(FunctionPointer.o)
    0x00003272   0x00000004   Code   RO          653    i._ZN4mbed8FileBase11getPathTypeEv  mbed.ar(FileBase.o)
    0x00003276   0x00000002   PAD
    0x00003278   0x00000038   Code   RO          655    i._ZN4mbed8FileBase6lookupEPKcj  mbed.ar(FileBase.o)
    0x000032b0   0x00000018   Code   RO          466    i._ZN4mbed8FilePath10fileSystemEv  mbed.ar(FilePath.o)
    0x000032c8   0x0000001c   Code   RO          468    i._ZN4mbed8FilePath4fileEv  mbed.ar(FilePath.o)
    0x000032e4   0x0000000a   Code   RO          469    i._ZN4mbed8FilePath6existsEv  mbed.ar(FilePath.o)
    0x000032ee   0x00000018   Code   RO          470    i._ZN4mbed8FilePath6isFileEv  mbed.ar(FilePath.o)
    0x00003306   0x00000004   Code   RO          471    i._ZN4mbed8FilePath8fileNameEv  mbed.ar(FilePath.o)
    0x0000330a   0x00000040   Code   RO          472    i._ZN4mbed8FilePathC1EPKc  mbed.ar(FilePath.o)
    0x0000334a   0x00000004   Code   RO          552    i._ZN4mbed9RawSerial4putcEi  mbed.ar(RawSerial.o)
    0x0000334e   0x00000002   PAD
    0x00003350   0x00000010   Code   RO          555    i._ZN4mbed9RawSerialC1E7PinNameS1_  mbed.ar(RawSerial.o)
    0x00003360   0x00000002   Code   RO          575    i._ZN4mbed9RawSerialD1Ev  mbed.ar(RawSerial.o)
    0x00003362   0x00000028   Code   RO         1537    i.__ARM_fpclassify  m_ws.l(fpclassify.o)
    0x0000338a   0x00000032   Code   RO          928    i.__aeabi_atexit    cpprt_w.l(aeabi_atexit.o)
    0x000033bc   0x00000022   Code   RO          931    i.__aeabi_vec_ctor_nocookie_nodtor  cpprt_w.l(aeabi_vec_ctor_nocookie_nodtor.o)
    0x000033de   0x00000042   Code   RO         1290    i.__cxa_finalize    cpprt_w.l(cxa_finalize.o)
    0x00003420   0x00000010   Code   RO          412    i.__user_setup_stackheap  sys.o
    0x00003430   0x0000000e   Code   RO          857    i._is_digit         c_w.l(__printf_wp.o)
    0x0000343e   0x00000002   PAD
    0x00003440   0x0000002c   Code   RO          283    i._sys_close        retarget.o
    0x0000346c   0x00000028   Code   RO          286    i._sys_flen         retarget.o
    0x00003494   0x00000028   Code   RO          287    i._sys_istty        retarget.o
    0x000034bc   0x0000014c   Code   RO          288    i._sys_open         retarget.o
    0x00003608   0x00000028   Code   RO          290    i._sys_seek         retarget.o
    0x00003630   0x00000064   Code   RO          291    i._sys_write        retarget.o
    0x00003694   0x00000018   Code   RO          589    i.error             mbed.ar(error.o)
    0x000036ac   0x0000002c   Code   RO          731    i.exit              mbed.ar(exit.o)
    0x000036d8   0x0000001a   Code   RO         1383    i.fputc             c_w.l(fputc.o)
    0x000036f2   0x00000002   PAD
    0x000036f4   0x00000050   Code   RO          616    i.gpio_dir          mbed.ar(gpio_api.o)
    0x00003744   0x00000038   Code   RO          617    i.gpio_init         mbed.ar(gpio_api.o)
    0x0000377c   0x00000026   Code   RO          595    i.gpio_init_in      mbed.ar(gpio.o)
    0x000037a2   0x00000002   PAD
    0x000037a4   0x00000044   Code   RO          598    i.gpio_init_out     mbed.ar(gpio.o)
    0x000037e8   0x00000050   Code   RO          599    i.gpio_init_out_ex  mbed.ar(gpio.o)
    0x00003838   0x00000006   Code   RO          618    i.gpio_mode         mbed.ar(gpio_api.o)
    0x0000383e   0x00000002   PAD
    0x00003840   0x00000050   Code   RO          583    i.mbed_assert_internal  mbed.ar(assert.o)
    0x00003890   0x00000108   Code   RO          395    i.mbed_die          board.o
    0x00003998   0x00000004   Code   RO          758    i.mbed_interface_connected  mbed.ar(mbed_interface.o)
    0x0000399c   0x00000002   Code   RO          293    i.mbed_main         retarget.o
    0x0000399e   0x00000002   Code   RO          294    i.mbed_sdk_init     retarget.o
    0x000039a0   0x0000005c   Code   RO          629    i.pin_function      mbed.ar(pinmap.o)
    0x000039fc   0x00000084   Code   RO          630    i.pin_mode          mbed.ar(pinmap.o)
    0x00003a80   0x0000001e   Code   RO          737    i.pinmap_find_peripheral  mbed.ar(pinmap_common.o)
    0x00003a9e   0x00000002   PAD
    0x00003aa0   0x00000038   Code   RO          738    i.pinmap_merge      mbed.ar(pinmap_common.o)
    0x00003ad8   0x00000058   Code   RO          739    i.pinmap_peripheral  mbed.ar(pinmap_common.o)
    0x00003b30   0x00000050   Code   RO          740    i.pinmap_pinout     mbed.ar(pinmap_common.o)
    0x00003b80   0x00000010   Code   RO          779    i.semihost_connected  mbed.ar(semihost_api.o)
    0x00003b90   0x0000000c   Code   RO          782    i.semihost_exit     mbed.ar(semihost_api.o)
    0x00003b9c   0x000001c4   Code   RO          417    i.serial_baud       mbed.ar(serial_api.o)
    0x00003d60   0x000000a0   Code   RO          421    i.serial_format     mbed.ar(serial_api.o)
    0x00003e00   0x00000178   Code   RO          424    i.serial_init       mbed.ar(serial_api.o)
    0x00003f78   0x0000001c   Code   RO          425    i.serial_irq_handler  mbed.ar(serial_api.o)
    0x00003f94   0x000000d4   Code   RO          427    i.serial_irq_set_internal  mbed.ar(serial_api.o)
    0x00004068   0x00000068   Code   RO          429    i.serial_putc       mbed.ar(serial_api.o)
    0x000040d0   0x0000010c   Code   RO          431    i.serial_set_flow_control  mbed.ar(serial_api.o)
    0x000041dc   0x00000014   Code   RO          433    i.uart0_irq         mbed.ar(serial_api.o)
    0x000041f0   0x00000014   Code   RO          434    i.uart1_irq         mbed.ar(serial_api.o)
    0x00004204   0x00000014   Code   RO          435    i.uart2_irq         mbed.ar(serial_api.o)
    0x00004218   0x00000014   Code   RO          436    i.uart3_irq         mbed.ar(serial_api.o)
    0x0000422c   0x00000064   Code   RO          437    i.uart_irq          mbed.ar(serial_api.o)
    0x00004290   0x0000000c   Code   RO          638    i.us_ticker_clear_interrupt  mbed.ar(us_ticker.o)
    0x0000429c   0x00000010   Code   RO          639    i.us_ticker_disable_interrupt  mbed.ar(us_ticker.o)
    0x000042ac   0x00000044   Code   RO          817    i.us_ticker_irq_handler  mbed.ar(us_ticker_api.o)
    0x000042f0   0x00000060   Code   RO          641    i.us_ticker_read    mbed.ar(us_ticker.o)
    0x00004350   0x00000014   Code   RO          642    i.us_ticker_set_interrupt  mbed.ar(us_ticker.o)
    0x00004364   0x0000001c   Code   RO          609    i.wait_ms           mbed.ar(wait_api.o)
    0x00004380   0x0000002c   Code   RO         1488    locale$$code        c_w.l(lc_numeric_c.o)
    0x000043ac   0x0000002c   Code   RO         1558    locale$$code        c_w.l(lc_ctype_c.o)
    0x000043d8   0x00000004   Code   RO         1307    x$fpl$printf1       fz_ws.l(printf1.o)
    0x000043dc   0x00000004   Code   RO         1309    x$fpl$printf2       fz_ws.l(printf2.o)
    0x000043e0   0x00000000   Code   RO         1315    x$fpl$usenofp       fz_ws.l(usenofp.o)
    0x000043e0   0x00000020   PAD
    0x00004400   0x0003cb25   Data   RO            6    .constdata          main.o
    0x00040f25   0x00000017   Data   RO          331    .constdata          retarget.o
    0x00040f3c   0x00000067   Data   RO          396    .constdata          board.o
    0x00040fa3   0x00000001   PAD
    0x00040fa4   0x000002c0   Data   RO          439    .constdata          mbed.ar(serial_api.o)
    0x00041264   0x00000067   Data   RO          600    .constdata          mbed.ar(gpio.o)
    0x000412cb   0x00000001   PAD
    0x000412cc   0x0000006c   Data   RO          620    .constdata          mbed.ar(gpio_api.o)
    0x00041338   0x00000058   Data   RO          631    .constdata          mbed.ar(pinmap.o)
    0x00041390   0x00000011   Data   RO          865    .constdata          c_w.l(__printf_flags_ss_wp.o)
    0x000413a1   0x00000003   PAD
    0x000413a4   0x00000008   Data   RO         1136    .constdata          c_w.l(_printf_wctomb.o)
    0x000413ac   0x00000028   Data   RO         1165    .constdata          c_w.l(_printf_hex_int_ll_ptr.o)
    0x000413d4   0x00000026   Data   RO         1372    .constdata          c_w.l(_printf_fp_hex.o)
    0x000413fa   0x00000002   PAD
    0x000413fc   0x00000094   Data   RO         1461    .constdata          c_w.l(bigflt0.o)
    0x00041490   0x00000010   Data   RO          722    .constdata__ZTVN4mbed10SerialBaseE  mbed.ar(SerialBase.o)
    0x000414a0   0x00000010   Data   RO          569    .constdata__ZTVN4mbed9RawSerialE  mbed.ar(RawSerial.o)
    0x000414b0   0x00000020   Data   RO         1595    Region$$Table       anon$$obj.o
    0x000414d0   0x0000001c   Data   RO         1487    locale$$data        c_w.l(lc_numeric_c.o)
    0x000414ec   0x00000110   Data   RO         1557    locale$$data        c_w.l(lc_ctype_c.o)
    0x000415fc   0x00000004   Data   RO            8    .init_array         main.o


    Execution Region RW_IRAM1 (Base: 0x100000c8, Size: 0x00000414, Max: 0x00007f38, ABSOLUTE)

    Base Addr    Size         Type   Attr      Idx    E Section Name        Object

    0x100000c8   0x0000000d   Data   RW            7    .data               main.o
    0x100000d5   0x00000003   PAD
    0x100000d8   0x00000004   Data   RW          388    .data               system_LPC17xx.o
    0x100000dc   0x00000010   Data   RW          440    .data               mbed.ar(serial_api.o)
    0x100000ec   0x00000004   Data   RW          643    .data               mbed.ar(us_ticker.o)
    0x100000f0   0x00000004   Data   RW          667    .data               mbed.ar(FileBase.o)
    0x100000f4   0x00000008   Data   RW          820    .data               mbed.ar(us_ticker_api.o)
    0x100000fc   0x00000004   Data   RW          879    .data               c_w.l(stdio_streams.o)
    0x10000100   0x00000004   Data   RW          880    .data               c_w.l(stdio_streams.o)
    0x10000104   0x00000004   Data   RW          881    .data               c_w.l(stdio_streams.o)
    0x10000108   0x00000004   Data   RW         1507    .data               c_w.l(heapauxa.o)
    0x1000010c   0x00000194   Zero   RW            5    .bss                main.o
    0x100002a0   0x00000040   Zero   RW          330    .bss                retarget.o
    0x100002e0   0x000000e0   Zero   RW          438    .bss                mbed.ar(serial_api.o)
    0x100003c0   0x00000054   Zero   RW          876    .bss                c_w.l(stdio_streams.o)
    0x10000414   0x00000054   Zero   RW          877    .bss                c_w.l(stdio_streams.o)
    0x10000468   0x00000054   Zero   RW          878    .bss                c_w.l(stdio_streams.o)
    0x100004bc   0x00000004   Zero   RW         1051    .bss                c_w.l(rt_ddtor_pointer_addr.o)
    0x100004c0   0x00000004   Zero   RW         1341    .bss                c_w.l(rt_heap_descriptor.o)
    0x100004c4   0x00000014   Zero   RW         1441    .bss                c_w.l(rt_locale.o)
    0x100004d8   0x00000004   Zero   RW         1446    .bss                c_w.l(rt_errno_addr.o)


    Execution Region RW_IRAM2 (Base: 0x2007c000, Size: 0x00000000, Max: 0x00004000, ABSOLUTE)

    **** No section assigned to this execution region ****


    Execution Region RW_IRAM3 (Base: 0x20080000, Size: 0x00000000, Max: 0x00004000, ABSOLUTE)

    **** No section assigned to this execution region ****


    Execution Region RW_IRAM4 (Base: 0x40038000, Size: 0x00000000, Max: 0x00000800, ABSOLUTE)

    **** No section assigned to this execution region ****


==============================================================================

Image component sizes


      Code (inc. data)   RO Data    RW Data    ZI Data      Debug   Object Name

       264         22        103          0          0         76   board.o
       108          6          0          0          0         84   cmsis_nvic.o
       968        122     248617         13        404      33942   main.o
       618         70         23          0         64        688   retarget.o
        40         12        196          0          0        228   startup_LPC17xx.o
        16          6          0          0          0         68   sys.o
       160         10          0          4          0         68   system_LPC17xx.o

    ----------------------------------------------------------------------
      2174        248     248972         20        468      35154   Object Totals
         0          0         32          0          0          0   (incl. Generated)
         0          0          1          3          0          0   (incl. Padding)

    ----------------------------------------------------------------------

      Code (inc. data)   RO Data    RW Data    ZI Data      Debug   Library Member Name

        60          8          0          0          0         84   __0sscanf.o
        20          0          0          0          0         84   __2fprintf.o
         8          0          0          0          0         68   __main.o
       396          6         17          0          0         92   __printf_flags_ss_wp.o
        14          0          0          0          0         68   __printf_wp.o
        52          8          0          0          0          0   __scatter.o
        26          0          0          0          0          0   __scatter_copy.o
        28          0          0          0          0          0   __scatter_zi.o
        28          0          0          0          0         68   _chval.o
         6          0          0          0          0          0   _printf_a.o
         6          0          0          0          0          0   _printf_c.o
        44          0          0          0          0        108   _printf_char.o
        48          6          0          0          0         96   _printf_char_common.o
        36          4          0          0          0         80   _printf_char_file.o
        42          0          0          0          0         68   _printf_charcount.o
         6          0          0          0          0          0   _printf_d.o
       120         18          0          0          0         92   _printf_dec.o
         6          0          0          0          0          0   _printf_e.o
         6          0          0          0          0          0   _printf_f.o
      1056          0          0          0          0        216   _printf_fp_dec.o
       768          8         38          0          0        100   _printf_fp_hex.o
       128         16          0          0          0         84   _printf_fp_infnan.o
         6          0          0          0          0          0   _printf_g.o
       156          6         40          0          0        160   _printf_hex_int_ll_ptr.o
         6          0          0          0          0          0   _printf_i.o
       184          0          0          0          0         88   _printf_intcommon.o
        10          0          0          0          0          0   _printf_l.o
         6          0          0          0          0          0   _printf_lc.o
        10          0          0          0          0          0   _printf_ll.o
         6          0          0          0          0          0   _printf_lld.o
         6          0          0          0          0          0   _printf_lli.o
         6          0          0          0          0          0   _printf_llo.o
         6          0          0          0          0          0   _printf_llu.o
         6          0          0          0          0          0   _printf_llx.o
       120         16          0          0          0         92   _printf_longlong_dec.o
         6          0          0          0          0          0   _printf_ls.o
         6          0          0          0          0          0   _printf_n.o
         6          0          0          0          0          0   _printf_o.o
       120          8          0          0          0        124   _printf_oct_int_ll.o
         6          0          0          0          0          0   _printf_p.o
        82          0          0          0          0        108   _printf_pad.o
         0          0          0          0          0          0   _printf_percent.o
         4          0          0          0          0          0   _printf_percent_end.o
         6          0          0          0          0          0   _printf_s.o
        82          0          0          0          0         80   _printf_str.o
        36          0          0          0          0         84   _printf_truncate.o
         6          0          0          0          0          0   _printf_u.o
        44          0          0          0          0        108   _printf_wchar.o
       188          6          8          0          0         92   _printf_wctomb.o
         6          0          0          0          0          0   _printf_x.o
       880          4          0          0          0        100   _scanf.o
       336          0          0          0          0         96   _scanf_int.o
        64          0          0          0          0         84   _sgetc.o
        64          0          0          0          0         92   _wcrtomb.o
        16          0          0          0          0         68   aeabi_memset.o
       228          6        148          0          0         96   bigflt0.o
      1910        128          0          0          0        672   btod.o
        10          0          0          0          0         68   defsig_exit.o
        50          0          0          0          0         88   defsig_general.o
        80         58          0          0          0         76   defsig_rtmem_inner.o
        14          0          0          0          0         80   defsig_rtmem_outer.o
        52         38          0          0          0         76   defsig_rtred_inner.o
        14          0          0          0          0         80   defsig_rtred_outer.o
        76          0          0          0          0         88   fclose.o
         8          0          0          0          0         68   ferror.o
       100          4          0          0          0        120   fflush.o
       478          0          0          0          0         88   flsbuf.o
       236          4          0          0          0        128   fopen.o
        26          0          0          0          0         68   fputc.o
       248          6          0          0          0         84   fseek.o
        70          0          0          0          0         76   ftell.o
        94          0          0          0          0         80   h1_alloc.o
        52          0          0          0          0         68   h1_extend.o
        78          0          0          0          0         80   h1_free.o
        14          0          0          0          0         84   h1_init.o
        80          6          0          4          0         96   heapauxa.o
         4          0          0          0          0        136   hguard.o
         0          0          0          0          0          0   indicate_semi.o
        36         10          0          0          0         80   init_aeabi.o
       138          0          0          0          0        168   init_alloc.o
       312         46          0          0          0        112   initio.o
        18          0          0          0          0         76   isspace.o
        44         10        272          0          0         76   lc_ctype_c.o
        44         10         28          0          0         76   lc_numeric_c.o
         2          0          0          0          0          0   libinit.o
        46          0          0          0          0          0   libinit2.o
         6          0          0          0          0          0   libshutdown2.o
       138          0          0          0          0         80   lludiv10.o
         0          0          0          0          0          0   maybetermalloc1.o
        16          4          0          0          0         76   rt_ctype_table.o
         8          4          0          0          4         68   rt_ddtor_pointer_addr.o
         8          4          0          0          4         68   rt_errno_addr.o
         8          4          0          0          4         68   rt_heap_descriptor.o
         8          4          0          0         20         68   rt_locale.o
        68          0          0          0          0         68   rt_memclr.o
        78          0          0          0          0         80   rt_memclr_w.o
       138          0          0          0          0         68   rt_memcpy_v6.o
       100          0          0          0          0         80   rt_memcpy_w.o
       122          0          0          0          0         80   rt_memmove_w.o
         0          0          0          0          0          0   rtentry.o
        12          0          0          0          0          0   rtentry2.o
         6          0          0          0          0          0   rtentry4.o
        44          8          0          0          0         84   scanf_char.o
        70          0          0          0          0         80   setvbuf.o
       240          6          0          0          0        156   stdio.o
         0          0          0         12        252          0   stdio_streams.o
       128          0          0          0          0         68   strcmpv7m.o
        62          0          0          0          0         76   strlen.o
       150          0          0          0          0         80   strncmp.o
        12          4          0          0          0         68   sys_exit.o
        14          0          0          0          0         76   sys_wrch.o
         2          0          0          0          0         68   use_no_semi.o
        10          0          0          0          0         68   vfprintf.o
        50          0          0          0          0         84   aeabi_atexit.o
        34          0          0          0          0         84   aeabi_vec_ctor_nocookie_nodtor.o
        66          0          0          0          0         84   cxa_finalize.o
         4          0          0          0          0         68   printf1.o
         4          0          0          0          0         68   printf2.o
         0          0          0          0          0          0   usenofp.o
        40          0          0          0          0         68   fpclassify.o
        60          6          0          4          0        148   FileBase.o
       154          0          0          0          0        440   FilePath.o
        34          0          0          0          0        136   FunctionPointer.o
        22          4         16          0          0        212   RawSerial.o
       110         14         16          0          0        292   SerialBase.o
        80         56          0          0          0         80   assert.o
        24          4          0          0          0         80   error.o
        44          8          0          0          0         72   exit.o
       186         12        103          0          0        268   gpio.o
       142         28        108          0          0        228   gpio_api.o
         4          0          0          0          0         68   mbed_interface.o
       224         58         88          0          0        160   pinmap.o
       254         76          0          0          0        308   pinmap_common.o
        28          6          0          0          0        144   semihost_api.o
      1780        180        704         16        224        996   serial_api.o
       144         38          0          4          0        280   us_ticker.o
        68          6          0          8          0         88   us_ticker_api.o
        28          0          0          0          0         80   wait_api.o

    ----------------------------------------------------------------------
     15038        974       1592         48        508      11936   Library Totals
        54          0          6          0          0          0   (incl. Padding)

    ----------------------------------------------------------------------

      Code (inc. data)   RO Data    RW Data    ZI Data      Debug   Library Name

     11400        478        551         16        284       7400   c_w.l
       150          0          0          0          0        252   cpprt_w.l
         8          0          0          0          0        136   fz_ws.l
        40          0          0          0          0         68   m_ws.l
      3386        496       1035         32        224       4080   mbed.ar

    ----------------------------------------------------------------------
     15038        974       1592         48        508      11936   Library Totals

    ----------------------------------------------------------------------

==============================================================================


      Code (inc. data)   RO Data    RW Data    ZI Data      Debug   

     17212       1222     250564         68        976      39134   Grand Totals
     17212       1222     250564         68        976      39134   ELF Image Totals
     17212       1222     250564         68          0          0   ROM Totals

==============================================================================

    Total RO  Size (Code + RO Data)               267776 ( 261.50kB)
    Total RW  Size (RW Data + ZI Data)              1044 (   1.02kB)
    Total ROM Size (Code + RO Data + RW Data)     267844 ( 261.57kB)

==============================================================================

