ARM Linker, 5.03 [Build 76] [MDK-ARM Professional]

==============================================================================

Section Cross References

    main.o(.text) refers to _printf_percent.o(.ARM.Collect$$_printf_percent$$00000000) for _printf_percent
    main.o(.text) refers to _printf_d.o(.ARM.Collect$$_printf_percent$$00000009) for _printf_d
    main.o(.text) refers to _printf_dec.o(.text) for _printf_int_dec
    main.o(.text) refers to rt_memcpy_v6.o(.text) for __aeabi_memcpy
    main.o(.text) refers to aeabi_memset.o(.text) for __aeabi_memset
    main.o(.text) refers to rt_memclr.o(.text) for __aeabi_memclr
    main.o(.text) refers to __2printf.o(.text) for __2printf
    main.o(.text) refers to main.o(.data) for unload_unaligned_record
    main.o(.text) refers to main.o(.bss) for shadow_line
    main.o(.ARM.exidx) refers to main.o(.text) for .text
    retarget.o(i.$Sub$$main) refers to retarget.o(i.mbed_sdk_init) for mbed_sdk_init
    retarget.o(i.$Sub$$main) refers to retarget.o(i.mbed_main) for mbed_main
    retarget.o(i.$Sub$$main) refers to main.o(.text) for $Super$$main
    retarget.o(i._ZN4mbed10FileHandleD0Ev) refers to delete.o(i._ZdlPv) for operator delete (void*)
    retarget.o(i._ZN4mbed10FileHandleD0Ev) refers to retarget.o(.constdata__ZTVN4mbed10FileHandleE) for vtable for mbed::FileHandle
    retarget.o(i._ZN4mbed10FileHandleD0Ev) refers to retarget.o(.bss) for .bss
    retarget.o(i._ZN4mbed10FileHandleD2Ev) refers to retarget.o(.constdata__ZTVN4mbed10FileHandleE) for vtable for mbed::FileHandle
    retarget.o(i._ZN4mbed10FileHandleD2Ev) refers to retarget.o(.bss) for .bss
    retarget.o(i._sys_close) refers to retarget.o(.bss) for .bss
    retarget.o(i._sys_ensure) refers to retarget.o(.bss) for .bss
    retarget.o(i._sys_flen) refers to retarget.o(.bss) for .bss
    retarget.o(i._sys_istty) refers to retarget.o(.bss) for .bss
    retarget.o(i._sys_open) refers to _scanf_int.o(.text) for _scanf_int
    retarget.o(i._sys_open) refers to strcmpv7m.o(.text) for strcmp
    retarget.o(i._sys_open) refers to serial_api.o(i.serial_init) for serial_init
    retarget.o(i._sys_open) refers to FilePath.o(i._ZN4mbed8FilePathC1EPKc) for mbed::FilePath::FilePath(const char*)
    retarget.o(i._sys_open) refers to FilePath.o(i._ZN4mbed8FilePath6existsEv) for mbed::FilePath::exists()
    retarget.o(i._sys_open) refers to FilePath.o(i._ZN4mbed8FilePath6isFileEv) for mbed::FilePath::isFile()
    retarget.o(i._sys_open) refers to FilePath.o(i._ZN4mbed8FilePath4fileEv) for mbed::FilePath::file()
    retarget.o(i._sys_open) refers to __0sscanf.o(.text) for __0sscanf
    retarget.o(i._sys_open) refers to FilePath.o(i._ZN4mbed8FilePath10fileSystemEv) for mbed::FilePath::fileSystem()
    retarget.o(i._sys_open) refers to FilePath.o(i._ZN4mbed8FilePath8fileNameEv) for mbed::FilePath::fileName()
    retarget.o(i._sys_open) refers to retarget.o(.constdata) for .constdata
    retarget.o(i._sys_open) refers to serial_api.o(.data) for stdio_uart_inited
    retarget.o(i._sys_open) refers to retarget.o(.bss) for .bss
    retarget.o(i._sys_read) refers to serial_api.o(i.serial_init) for serial_init
    retarget.o(i._sys_read) refers to serial_api.o(i.serial_getc) for serial_getc
    retarget.o(i._sys_read) refers to serial_api.o(.data) for stdio_uart_inited
    retarget.o(i._sys_read) refers to retarget.o(.bss) for .bss
    retarget.o(i._sys_seek) refers to retarget.o(.bss) for .bss
    retarget.o(i._sys_write) refers to serial_api.o(i.serial_init) for serial_init
    retarget.o(i._sys_write) refers to serial_api.o(i.serial_putc) for serial_putc
    retarget.o(i._sys_write) refers to serial_api.o(.data) for stdio_uart_inited
    retarget.o(i._sys_write) refers to retarget.o(.bss) for .bss
    retarget.o(i.mkdir) refers to FilePath.o(i._ZN4mbed8FilePathC1EPKc) for mbed::FilePath::FilePath(const char*)
    retarget.o(i.mkdir) refers to FilePath.o(i._ZN4mbed8FilePath10fileSystemEv) for mbed::FilePath::fileSystem()
    retarget.o(i.mkdir) refers to FilePath.o(i._ZN4mbed8FilePath8fileNameEv) for mbed::FilePath::fileName()
    retarget.o(i.opendir) refers to FilePath.o(i._ZN4mbed8FilePathC1EPKc) for mbed::FilePath::FilePath(const char*)
    retarget.o(i.opendir) refers to FilePath.o(i._ZN4mbed8FilePath10fileSystemEv) for mbed::FilePath::fileSystem()
    retarget.o(i.opendir) refers to FilePath.o(i._ZN4mbed8FilePath8fileNameEv) for mbed::FilePath::fileName()
    retarget.o(i.opendir) refers to FileSystemLike.o(i._ZN4mbed14FileSystemLike7opendirEv) for mbed::FileSystemLike::opendir()
    retarget.o(i.remove) refers to FilePath.o(i._ZN4mbed8FilePathC1EPKc) for mbed::FilePath::FilePath(const char*)
    retarget.o(i.remove) refers to FilePath.o(i._ZN4mbed8FilePath10fileSystemEv) for mbed::FilePath::fileSystem()
    retarget.o(i.remove) refers to FilePath.o(i._ZN4mbed8FilePath8fileNameEv) for mbed::FilePath::fileName()
[...]
    .text                                    0x000015ec   Section      138  lludiv10.o(.text)
    .text                                    0x00001676   Section        0  isspace.o(.text)
    .text                                    0x00001688   Section        0  _printf_fp_dec.o(.text)
    _fp_digits                               0x0000168b   Thumb Code   426  _printf_fp_dec.o(.text)
    .text                                    0x00001aa8   Section        0  _printf_fp_hex.o(.text)
    .text                                    0x00001da8   Section        0  _printf_char_common.o(.text)
    _printf_input_char                       0x00001da9   Thumb Code    10  _printf_char_common.o(.text)
    .text                                    0x00001dd8   Section        0  _printf_wchar.o(.text)
    .text                                    0x00001e04   Section        0  _scanf.o(.text)
    .text                                    0x00002174   Section        0  ferror.o(.text)
    .text                                    0x0000217c   Section        0  ftell.o(.text)
    .text                                    0x000021c2   Section        0  setvbuf.o(.text)
    .text                                    0x00002208   Section        0  fopen.o(.text)
    _freopen_locked                          0x00002209   Thumb Code     0  fopen.o(.text)
    .text                                    0x000022f4   Section        0  fclose.o(.text)
    .text                                    0x00002340   Section        0  _wcrtomb.o(.text)
    .text                                    0x00002380   Section        0  defsig_exit.o(.text)
    .text                                    0x0000238a   Section        0  defsig_rtred_outer.o(.text)
    .text                                    0x00002398   Section        0  sys_exit.o(.text)
    .text                                    0x000023a4   Section       16  rt_ctype_table.o(.text)
    .text                                    0x000023b4   Section        8  rt_locale.o(.text)
    .text                                    0x000023bc   Section        8  rt_errno_addr.o(.text)
    .text                                    0x000023c4   Section        0  h1_extend.o(.text)
    .text                                    0x000023f8   Section        0  _printf_fp_infnan.o(.text)
    .text                                    0x00002478   Section        0  bigflt0.o(.text)
    .text                                    0x0000255c   Section        0  flsbuf.o(.text)
    .text                                    0x0000273a   Section        0  defsig_general.o(.text)
    .text                                    0x0000276c   Section        0  defsig_rtred_inner.o(.text)
    .text                                    0x000027a0   Section        0  defsig_rtmem_outer.o(.text)
    .text                                    0x000027b0   Section        0  heapauxa.o(.text)
    .text                                    0x00002800   Section        0  sys_wrch.o(.text)
    .text                                    0x0000280e   Section        2  use_no_semi.o(.text)
    .text                                    0x00002810   Section        0  indicate_semi.o(.text)
    .text                                    0x00002810   Section        0  defsig_rtmem_inner.o(.text)
    CL$$btod_d2e                             0x00002860   Section       62  btod.o(CL$$btod_d2e)
    CL$$btod_d2e_denorm_low                  0x0000289e   Section       70  btod.o(CL$$btod_d2e_denorm_low)
    CL$$btod_d2e_norm_op1                    0x000028e4   Section       96  btod.o(CL$$btod_d2e_norm_op1)
    CL$$btod_div_common                      0x00002944   Section      824  btod.o(CL$$btod_div_common)
    CL$$btod_e2e                             0x00002c7c   Section      198  btod.o(CL$$btod_e2e)
    CL$$btod_ediv                            0x00002d42   Section       40  btod.o(CL$$btod_ediv)
    CL$$btod_emul                            0x00002d6a   Section       40  btod.o(CL$$btod_emul)
    CL$$btod_mult_common                     0x00002d92   Section      580  btod.o(CL$$btod_mult_common)
    i.$Sub$$main                             0x00002fd6   Section        0  retarget.o(i.$Sub$$main)
    i.NVIC_SetVector                         0x00002fe8   Section        0  cmsis_nvic.o(i.NVIC_SetVector)
    i.SystemInit                             0x00003054   Section        0  system_LPC17xx.o(i.SystemInit)
    i._ZN4mbed8FileBase11getPathTypeEv       0x000030f4   Section        0  FileBase.o(i._ZN4mbed8FileBase11getPathTypeEv)
    i._ZN4mbed8FileBase6lookupEPKcj          0x000030f8   Section        0  FileBase.o(i._ZN4mbed8FileBase6lookupEPKcj)
    i._ZN4mbed8FilePath10fileSystemEv        0x00003130   Section        0  FilePath.o(i._ZN4mbed8FilePath10fileSystemEv)
    i._ZN4mbed8FilePath4fileEv               0x00003148   Section        0  FilePath.o(i._ZN4mbed8FilePath4fileEv)
    i._ZN4mbed8FilePath6existsEv             0x00003164   Section        0  FilePath.o(i._ZN4mbed8FilePath6existsEv)
    i._ZN4mbed8FilePath6isFileEv             0x0000316e   Section        0  FilePath.o(i._ZN4mbed8FilePath6isFileEv)
    i._ZN4mbed8FilePath8fileNameEv           0x00003186   Section        0  FilePath.o(i._ZN4mbed8FilePath8fileNameEv)
    i._ZN4mbed8FilePathC1EPKc                0x0000318a   Section        0  FilePath.o(i._ZN4mbed8FilePathC1EPKc)
    i.__ARM_fpclassify                       0x000031ca   Section        0  fpclassify.o(i.__ARM_fpclassify)
    i.__user_setup_stackheap                 0x000031f4   Section        0  sys.o(i.__user_setup_stackheap)
    i._is_digit                              0x00003204   Section        0  __printf_wp.o(i._is_digit)
    i._sys_close                             0x00003214   Section        0  retarget.o(i._sys_close)
    i._sys_flen                              0x00003240   Section        0  retarget.o(i._sys_flen)
    i._sys_istty                             0x00003268   Section        0  retarget.o(i._sys_istty)
    i._sys_open                              0x00003290   Section        0  retarget.o(i._sys_open)
    i._sys_seek                              0x000033dc   Section        0  retarget.o(i._sys_seek)
    i._sys_write                             0x00003404   Section        0  retarget.o(i._sys_write)
    i.error                                  0x00003468   Section        0  error.o(i.error)
    i.exit                                   0x00003480   Section        0  exit.o(i.exit)
    i.fputc                                  0x000034ac   Section        0  fputc.o(i.fputc)
    i.gpio_dir                               0x000034c8   Section        0  gpio_api.o(i.gpio_dir)
    i.gpio_init                              0x00003518   Section        0  gpio_api.o(i.gpio_init)
    i.gpio_init_in                           0x00003550   Section        0  gpio.o(i.gpio_init_in)
    i.gpio_init_out                          0x00003578   Section        0  gpio.o(i.gpio_init_out)
    i.gpio_init_out_ex                       0x000035bc   Section        0  gpio.o(i.gpio_init_out_ex)
    i.gpio_mode                              0x0000360c   Section        0  gpio_api.o(i.gpio_mode)
    i.mbed_assert_internal                   0x00003614   Section        0  assert.o(i.mbed_assert_internal)
    i.mbed_die                               0x00003664   Section        0  board.o(i.mbed_die)
    i.mbed_interface_connected               0x0000376c   Section        0  mbed_interface.o(i.mbed_interface_connected)
    i.mbed_main                              0x00003770   Section        0  retarget.o(i.mbed_main)
    i.mbed_sdk_init                          0x00003772   Section        0  retarget.o(i.mbed_sdk_init)
    i.pin_function                           0x00003774   Section        0  pinmap.o(i.pin_function)
    i.pin_mode                               0x000037d0   Section        0  pinmap.o(i.pin_mode)
    i.pinmap_find_peripheral                 0x00003854   Section        0  pinmap_common.o(i.pinmap_find_peripheral)
    i.pinmap_merge                           0x00003874   Section        0  pinmap_common.o(i.pinmap_merge)
    i.pinmap_peripheral                      0x000038ac   Section        0  pinmap_common.o(i.pinmap_peripheral)
    i.pinmap_pinout                          0x00003904   Section        0  pinmap_common.o(i.pinmap_pinout)
    i.semihost_connected                     0x00003954   Section        0  semihost_api.o(i.semihost_connected)
    i.semihost_exit                          0x00003964   Section        0  semihost_api.o(i.semihost_exit)
    i.serial_baud                            0x00003970   Section        0  serial_api.o(i.serial_baud)
    i.serial_format                          0x00003b34   Section        0  serial_api.o(i.serial_format)
    i.serial_init                            0x00003bd4   Section        0  serial_api.o(i.serial_init)
    i.serial_irq_set_internal                0x00003d4c   Section        0  serial_api.o(i.serial_irq_set_internal)
    serial_irq_set_internal                  0x00003d4d   Thumb Code   192  serial_api.o(i.serial_irq_set_internal)
    i.serial_putc                            0x00003e20   Section        0  serial_api.o(i.serial_putc)
    i.serial_set_flow_control                0x00003e88   Section        0  serial_api.o(i.serial_set_flow_control)
    i.uart0_irq                              0x00003f94   Section        0  serial_api.o(i.uart0_irq)
    i.uart1_irq                              0x00003fa8   Section        0  serial_api.o(i.uart1_irq)
    i.uart2_irq                              0x00003fbc   Section        0  serial_api.o(i.uart2_irq)
    i.uart3_irq                              0x00003fd0   Section        0  serial_api.o(i.uart3_irq)
    i.uart_irq                               0x00003fe4   Section        0  serial_api.o(i.uart_irq)
    uart_irq                                 0x00003fe5   Thumb Code    92  serial_api.o(i.uart_irq)
    i.us_ticker_clear_interrupt              0x00004048   Section        0  us_ticker.o(i.us_ticker_clear_interrupt)
    i.us_ticker_disable_interrupt            0x00004054   Section        0  us_ticker.o(i.us_ticker_disable_interrupt)
    i.us_ticker_irq_handler                  0x00004064   Section        0  us_ticker_api.o(i.us_ticker_irq_handler)
    i.us_ticker_read                         0x000040a8   Section        0  us_ticker.o(i.us_ticker_read)
    i.us_ticker_set_interrupt                0x00004108   Section        0  us_ticker.o(i.us_ticker_set_interrupt)
    i.wait_ms                                0x0000411c   Section        0  wait_api.o(i.wait_ms)
    locale$$code                             0x00004138   Section       44  lc_numeric_c.o(locale$$code)
    locale$$code                             0x00004164   Section       44  lc_ctype_c.o(locale$$code)
    x$fpl$printf1                            0x00004190   Section        4  printf1.o(x$fpl$printf1)
    x$fpl$printf2                            0x00004194   Section        4  printf2.o(x$fpl$printf2)
    .constdata                               0x00004198   Section       23  retarget.o(.constdata)
    x$fpl$usenofp                            0x00004198   Section        0  usenofp.o(x$fpl$usenofp)
    .constdata                               0x000041b0   Section      103  board.o(.constdata)
    .constdata                               0x00004218   Section      704  serial_api.o(.constdata)
    PinMap_UART_TX                           0x00004218   Data         108  serial_api.o(.constdata)
    PinMap_UART_RX                           0x00004284   Data         108  serial_api.o(.constdata)
    PinMap_UART_RTS                          0x000042f0   Data          36  serial_api.o(.constdata)
    PinMap_UART_CTS                          0x00004314   Data          36  serial_api.o(.constdata)
    .constdata                               0x000044d8   Section      103  gpio.o(.constdata)
    .constdata                               0x00004540   Section      108  gpio_api.o(.constdata)
    .constdata                               0x000045ac   Section       88  pinmap.o(.constdata)
    .constdata                               0x00004604   Section       17  __printf_flags_ss_wp.o(.constdata)
    maptable                                 0x00004604   Data          17  __printf_flags_ss_wp.o(.constdata)
    .constdata                               0x00004618   Section        8  _printf_wctomb.o(.constdata)
    initial_mbstate                          0x00004618   Data           8  _printf_wctomb.o(.constdata)
    .constdata                               0x00004620   Section       40  _printf_hex_int_ll_ptr.o(.constdata)
    uc_hextab                                0x00004620   Data          20  _printf_hex_int_ll_ptr.o(.constdata)
    lc_hextab                                0x00004634   Data          20  _printf_hex_int_ll_ptr.o(.constdata)
    .constdata                               0x00004648   Section       38  _printf_fp_hex.o(.constdata)
    lc_hextab                                0x00004648   Data          19  _printf_fp_hex.o(.constdata)
    uc_hextab                                0x0000465b   Data          19  _printf_fp_hex.o(.constdata)
    .constdata                               0x00004670   Section      148  bigflt0.o(.constdata)
    tenpwrs_x                                0x00004670   Data          60  bigflt0.o(.constdata)
    tenpwrs_i                                0x000046ac   Data          64  bigflt0.o(.constdata)
    locale$$data                             0x00004724   Section       28  lc_numeric_c.o(locale$$data)
    __lcnum_c_name                           0x00004728   Data           2  lc_numeric_c.o(locale$$data)
    __lcnum_c_start                          0x00004730   Data           0  lc_numeric_c.o(locale$$data)
    __lcnum_c_point                          0x0000473c   Data           0  lc_numeric_c.o(locale$$data)
    __lcnum_c_thousands                      0x0000473e   Data           0  lc_numeric_c.o(locale$$data)
    __lcnum_c_grouping                       0x0000473f   Data           0  lc_numeric_c.o(locale$$data)
    locale$$data                             0x00004740   Section      272  lc_ctype_c.o(locale$$data)
    __lcnum_c_end                            0x00004740   Data           0  lc_numeric_c.o(locale$$data)
    __lcctype_c_name                         0x00004744   Data           2  lc_ctype_c.o(locale$$data)
    __lcctype_c_start                        0x0000474c   Data           0  lc_ctype_c.o(locale$$data)
    __lcctype_c_end                          0x00004850   Data           0  lc_ctype_c.o(locale$$data)
    .data                                    0x100000c8   Section     1577  main.o(.data)
    low_nibble                               0x100006e8   Data           1  main.o(.data)
    idx                                      0x100006e9   Data           1  main.o(.data)
    record_processed                         0x100006ea   Data           1  main.o(.data)
    base_address                             0x100006ec   Data           4  main.o(.data)
    unload_unaligned_record                  0x100006f0   Data           1  main.o(.data)
    .data                                    0x100006f4   Section        4  system_LPC17xx.o(.data)
    .data                                    0x100006f8   Section       16  serial_api.o(.data)
    irq_handler                              0x100006fc   Data           4  serial_api.o(.data)
    .data                                    0x10000708   Section        4  us_ticker.o(.data)
    .data                                    0x1000070c   Section        4  FileBase.o(.data)
    .data                                    0x10000710   Section        8  us_ticker_api.o(.data)
    head                                     0x10000710   Data           4  us_ticker_api.o(.data)
    event_handler                            0x10000714   Data           4  us_ticker_api.o(.data)
    .data                                    0x10000718   Section        4  stdio_streams.o(.data)
    .data                                    0x1000071c   Section        4  stdio_streams.o(.data)
    .data                                    0x10000720   Section        4  stdio_streams.o(.data)
    .data                                    0x10000724   Section        4  heapauxa.o(.data)
    __rt_heap_escrow_base                    0x10000724   Data           4  heapauxa.o(.data)
    .bss                                     0x10000728   Section       74  main.o(.bss)
    line                                     0x10000728   Data          37  main.o(.bss)
    shadow_line                              0x1000074d   Data          37  main.o(.bss)
    .bss                                     0x10000774   Section       64  retarget.o(.bss)
    filehandles                              0x10000774   Data          64  retarget.o(.bss)
    .bss                                     0x100007b4   Section      224  serial_api.o(.bss)
    uart_data                                0x100007b4   Data         224  serial_api.o(.bss)
    .bss                                     0x10000894   Section       84  stdio_streams.o(.bss)
    .bss                                     0x100008e8   Section       84  stdio_streams.o(.bss)
    .bss                                     0x1000093c   Section       84  stdio_streams.o(.bss)
    .bss                                     0x10000990   Section        4  rt_heap_descriptor.o(.bss)
    __rt_heap_descriptor_data                0x10000990   Data           4  rt_heap_descriptor.o(.bss)
    .bss                                     0x10000994   Section       20  rt_locale.o(.bss)
    __rt_locale_data                         0x10000994   Data          20  rt_locale.o(.bss)
    .bss                                     0x100009a8   Section        4  rt_errno_addr.o(.bss)
    __aeabi_errno_addr_data                  0x100009a8   Data           4  rt_errno_addr.o(.bss)

    Global Symbols

    Symbol Name                              Value     Ov Type        Size  Object(Section)

    BuildAttributes$$THM_ISAv4$P$D$K$B$S$PE$A:L22UL41UL21$X:L11$S22US41US21$IEEE1$IW$USESV6$~STKCKD$USESV7$~SHL$OTIME$ROPI$IEEEJ$EBA8$UX$STANDARDLIB$REQ8$PRES8$EABIv2 0x00000000   Number         0  anon$$obj.o ABSOLUTE
    __ARM_use_no_argv                        0x00000000   Number         0  main.o ABSOLUTE
    __Vectors                                0x00000000   Data           4  startup_LPC17xx.o(RESET)
    _printf_flags                            0x00000000   Number         0  printf_stubs.o ABSOLUTE
    _printf_return_value                     0x00000000   Number         0  printf_stubs.o ABSOLUTE
    _printf_sizespec                         0x00000000   Number         0  printf_stubs.o ABSOLUTE
    _printf_widthprec                        0x00000000   Number         0  printf_stubs.o ABSOLUTE
    SHT$$ARM_EXIDX$$Base                      - Undefined Reference
    SHT$$ARM_EXIDX$$Limit                     - Undefined Reference
    __ARM::default_unexpected_handler()       - Undefined Weak Reference
    __ARM_exceptions_buffer_required          - Undefined Weak Reference
    __ARM_exceptions_init                     - Undefined Weak Reference
    __aeabi_unwind_cpp_pr1                    - Undefined Weak Reference
    __aeabi_unwind_cpp_pr2                    - Undefined Weak Reference
    __alloca_initialize                       - Undefined Weak Reference
    __cpp_initialize__aeabi_                  - Undefined Weak Reference
    __cxa_begin_cleanup                       - Undefined Weak Reference
    __cxa_finalize                            - Undefined Weak Reference
    __cxa_type_match                          - Undefined Weak Reference
    __rt_lib_shutdown                         - Undefined Weak Reference
    __sigvec_lookup                           - Undefined Weak Reference
    __user_heap_extent                        - Undefined Weak Reference
    _atexit_init                              - Undefined Weak Reference
    _clock_init                               - Undefined Weak Reference
    _fp_trap_init                             - Undefined Weak Reference
    _fp_trap_shutdown                         - Undefined Weak Reference
    _get_lc_collate                           - Undefined Weak Reference
    _get_lc_monetary                          - Undefined Weak Reference
    _get_lc_time                              - Undefined Weak Reference
    _getenv_init                              - Undefined Weak Reference
    _handle_redirection                       - Undefined Weak Reference
    _mutex_acquire                            - Undefined Weak Reference
    _mutex_free                               - Undefined Weak Reference
    _mutex_release                            - Undefined Weak Reference
    _printf_mbtowc                            - Undefined Weak Reference
    _printf_wc                                - Undefined Weak Reference
    _rand_init                                - Undefined Weak Reference
    _scanf_longlong                           - Undefined Weak Reference
    _scanf_mbtowc                             - Undefined Weak Reference
    _scanf_real                               - Undefined Weak Reference
    _scanf_string                             - Undefined Weak Reference
    _scanf_wctomb                             - Undefined Weak Reference
    _scanf_wstring                            - Undefined Weak Reference
    _signal_finish                            - Undefined Weak Reference
    _signal_init                              - Undefined Weak Reference
    __main                                   0x000000c5   Thumb Code     8  __main.o(!!!main)
    __scatterload                            0x000000cd   Thumb Code     0  __scatter.o(!!!scatter)
    __scatterload_rt2                        0x000000cd   Thumb Code    44  __scatter.o(!!!scatter)
    __scatterload_rt2_thumb_only             0x000000cd   Thumb Code     0  __scatter.o(!!!scatter)
    __scatterload_null                       0x000000db   Thumb Code     0  __scatter.o(!!!scatter)
    __decompress                             0x00000101   Thumb Code   100  __dclz77c.o(!!dclz77c)
    __decompress2                            0x00000101   Thumb Code     0  __dclz77c.o(!!dclz77c)
    __scatterload_zeroinit                   0x00000165   Thumb Code    28  __scatter_zi.o(!!handler_zi)
    _printf_n                                0x00000181   Thumb Code     0  _printf_n.o(.ARM.Collect$$_printf_percent$$00000001)
    _printf_percent                          0x00000181   Thumb Code     0  _printf_percent.o(.ARM.Collect$$_printf_percent$$00000000)
    _printf_p                                0x00000187   Thumb Code     0  _printf_p.o(.ARM.Collect$$_printf_percent$$00000002)
    _printf_f                                0x0000018d   Thumb Code     0  _printf_f.o(.ARM.Collect$$_printf_percent$$00000003)
    _printf_e                                0x00000193   Thumb Code     0  _printf_e.o(.ARM.Collect$$_printf_percent$$00000004)
    _printf_g                                0x00000199   Thumb Code     0  _printf_g.o(.ARM.Collect$$_printf_percent$$00000005)
    _printf_a                                0x0000019f   Thumb Code     0  _printf_a.o(.ARM.Collect$$_printf_percent$$00000006)
    _printf_ll                               0x000001a5   Thumb Code     0  _printf_ll.o(.ARM.Collect$$_printf_percent$$00000007)
    _printf_i                                0x000001af   Thumb Code     0  _printf_i.o(.ARM.Collect$$_printf_percent$$00000008)
    _printf_d                                0x000001b5   Thumb Code     0  _printf_d.o(.ARM.Collect$$_printf_percent$$00000009)
    _printf_u                                0x000001bb   Thumb Code     0  _printf_u.o(.ARM.Collect$$_printf_percent$$0000000A)
    _printf_o                                0x000001c1   Thumb Code     0  _printf_o.o(.ARM.Collect$$_printf_percent$$0000000B)
    _printf_x                                0x000001c7   Thumb Code     0  _printf_x.o(.ARM.Collect$$_printf_percent$$0000000C)
    _printf_lli                              0x000001cd   Thumb Code     0  _printf_lli.o(.ARM.Collect$$_printf_percent$$0000000D)
    _printf_lld                              0x000001d3   Thumb Code     0  _printf_lld.o(.ARM.Collect$$_printf_percent$$0000000E)
    _printf_llu                              0x000001d9   Thumb Code     0  _printf_llu.o(.ARM.Collect$$_printf_percent$$0000000F)
    _printf_llo                              0x000001df   Thumb Code     0  _printf_llo.o(.ARM.Collect$$_printf_percent$$00000010)
    _printf_llx                              0x000001e5   Thumb Code     0  _printf_llx.o(.ARM.Collect$$_printf_percent$$00000011)
    _printf_l                                0x000001eb   Thumb Code     0  _printf_l.o(.ARM.Collect$$_printf_percent$$00000012)
    _printf_c                                0x000001f5   Thumb Code     0  _printf_c.o(.ARM.Collect$$_printf_percent$$00000013)
    _printf_s                                0x000001fb   Thumb Code     0  _printf_s.o(.ARM.Collect$$_printf_percent$$00000014)
    _printf_lc                               0x00000201   Thumb Code     0  _printf_lc.o(.ARM.Collect$$_printf_percent$$00000015)
    _printf_ls                               0x00000207   Thumb Code     0  _printf_ls.o(.ARM.Collect$$_printf_percent$$00000016)
    _printf_percent_end                      0x0000020d   Thumb Code     0  _printf_percent_end.o(.ARM.Collect$$_printf_percent$$00000017)
    __rt_lib_init                            0x00000211   Thumb Code     0  libinit.o(.ARM.Collect$$libinit$$00000000)
    __rt_lib_init_fp_1                       0x00000213   Thumb Code     0  libinit2.o(.ARM.Collect$$libinit$$00000002)
    __rt_lib_init_heap_2                     0x00000213   Thumb Code     0  libinit2.o(.ARM.Collect$$libinit$$00000003)
    __rt_lib_init_heap_1                     0x0000021b   Thumb Code     0  libinit2.o(.ARM.Collect$$libinit$$00000008)
    __rt_lib_init_lc_common                  0x0000021b   Thumb Code     0  libinit2.o(.ARM.Collect$$libinit$$0000000D)
    __rt_lib_init_rand_1                     0x0000021b   Thumb Code     0  libinit2.o(.ARM.Collect$$libinit$$0000000C)
    __rt_lib_init_user_alloc_1               0x0000021b   Thumb Code     0  libinit2.o(.ARM.Collect$$libinit$$0000000A)
    __rt_lib_init_lc_collate_1               0x00000221   Thumb Code     0  libinit2.o(.ARM.Collect$$libinit$$0000000F)
    __rt_lib_init_lc_ctype_2                 0x00000221   Thumb Code     0  libinit2.o(.ARM.Collect$$libinit$$00000010)
    __rt_lib_init_lc_ctype_1                 0x0000022d   Thumb Code     0  libinit2.o(.ARM.Collect$$libinit$$00000011)
    __rt_lib_init_lc_monetary_1              0x0000022d   Thumb Code     0  libinit2.o(.ARM.Collect$$libinit$$00000013)
    __rt_lib_init_lc_numeric_2               0x0000022d   Thumb Code     0  libinit2.o(.ARM.Collect$$libinit$$00000014)
    __rt_lib_init_atexit_1                   0x00000237   Thumb Code     0  libinit2.o(.ARM.Collect$$libinit$$00000019)
    __rt_lib_init_clock_1                    0x00000237   Thumb Code     0  libinit2.o(.ARM.Collect$$libinit$$0000001F)
    __rt_lib_init_fp_trap_1                  0x00000237   Thumb Code     0  libinit2.o(.ARM.Collect$$libinit$$0000001D)
    __rt_lib_init_getenv_1                   0x00000237   Thumb Code     0  libinit2.o(.ARM.Collect$$libinit$$00000021)
    __rt_lib_init_lc_numeric_1               0x00000237   Thumb Code     0  libinit2.o(.ARM.Collect$$libinit$$00000015)
    __rt_lib_init_lc_time_1                  0x00000237   Thumb Code     0  libinit2.o(.ARM.Collect$$libinit$$00000017)
    __rt_lib_init_signal_1                   0x00000237   Thumb Code     0  libinit2.o(.ARM.Collect$$libinit$$0000001B)
    __rt_lib_init_stdio_2                    0x00000237   Thumb Code     0  libinit2.o(.ARM.Collect$$libinit$$00000022)
    __rt_lib_init_alloca_1                   0x0000023b   Thumb Code     0  libinit2.o(.ARM.Collect$$libinit$$0000002C)
    __rt_lib_init_argv_1                     0x0000023b   Thumb Code     0  libinit2.o(.ARM.Collect$$libinit$$0000002A)
    __rt_lib_init_cpp_1                      0x0000023b   Thumb Code     0  libinit2.o(.ARM.Collect$$libinit$$00000030)
    __rt_lib_init_exceptions_1               0x0000023b   Thumb Code     0  libinit2.o(.ARM.Collect$$libinit$$0000002E)
    __rt_lib_init_return                     0x0000023b   Thumb Code     0  libinit2.o(.ARM.Collect$$libinit$$00000031)
    __rt_lib_init_stdio_1                    0x0000023b   Thumb Code     0  libinit2.o(.ARM.Collect$$libinit$$00000023)
    __rt_entry                               0x0000023d   Thumb Code     0  rtentry.o(.ARM.Collect$$rtentry$$00000000)
    __rt_entry_presh_1                       0x0000023d   Thumb Code     0  rtentry2.o(.ARM.Collect$$rtentry$$00000002)
    __rt_entry_sh                            0x0000023d   Thumb Code     0  rtentry4.o(.ARM.Collect$$rtentry$$00000004)
    __rt_lib_shutdown_stdio_2                0x0000023d   Thumb Code     0  libshutdown2.o(.ARM.Collect$$libshutdown$$00000003)
    __rt_entry_li                            0x00000243   Thumb Code     0  rtentry2.o(.ARM.Collect$$rtentry$$0000000A)
    __rt_entry_postsh_1                      0x00000243   Thumb Code     0  rtentry2.o(.ARM.Collect$$rtentry$$00000009)
    __rt_entry_main                          0x00000247   Thumb Code     0  rtentry2.o(.ARM.Collect$$rtentry$$0000000D)
    __rt_entry_postli_1                      0x00000247   Thumb Code     0  rtentry2.o(.ARM.Collect$$rtentry$$0000000C)
    Reset_Handler                            0x00000251   Thumb Code     8  startup_LPC17xx.o(.text)
    _maybe_terminate_alloc                   0x00000251   Thumb Code     0  maybetermalloc1.o(.emb_text)
    NMI_Handler                              0x00000259   Thumb Code     2  startup_LPC17xx.o(.text)
    HardFault_Handler                        0x0000025b   Thumb Code     2  startup_LPC17xx.o(.text)
    MemManage_Handler                        0x0000025d   Thumb Code     2  startup_LPC17xx.o(.text)
    BusFault_Handler                         0x0000025f   Thumb Code     2  startup_LPC17xx.o(.text)
    UsageFault_Handler                       0x00000261   Thumb Code     2  startup_LPC17xx.o(.text)
    SVC_Handler                              0x00000263   Thumb Code     2  startup_LPC17xx.o(.text)
    DebugMon_Handler                         0x00000265   Thumb Code     2  startup_LPC17xx.o(.text)
    PendSV_Handler                           0x00000267   Thumb Code     2  startup_LPC17xx.o(.text)
    SysTick_Handler                          0x00000269   Thumb Code     2  startup_LPC17xx.o(.text)
    ADC_IRQHandler                           0x0000026b   Thumb Code     0  startup_LPC17xx.o(.text)
    BOD_IRQHandler                           0x0000026b   Thumb Code     0  startup_LPC17xx.o(.text)
    CAN_IRQHandler                           0x0000026b   Thumb Code     0  startup_LPC17xx.o(.text)
    DMA_IRQHandler                           0x0000026b   Thumb Code     0  startup_LPC17xx.o(.text)
    EINT0_IRQHandler                         0x0000026b   Thumb Code     0  startup_LPC17xx.o(.text)
    EINT1_IRQHandler                         0x0000026b   Thumb Code     0  startup_LPC17xx.o(.text)
    EINT2_IRQHandler                         0x0000026b   Thumb Code     0  startup_LPC17xx.o(.text)
    EINT3_IRQHandler                         0x0000026b   Thumb Code     0  startup_LPC17xx.o(.text)
    ENET_IRQHandler                          0x0000026b   Thumb Code     0  startup_LPC17xx.o(.text)
    I2C0_IRQHandler                          0x0000026b   Thumb Code     0  startup_LPC17xx.o(.text)
    I2C1_IRQHandler                          0x0000026b   Thumb Code     0  startup_LPC17xx.o(.text)
    I2C2_IRQHandler                          0x0000026b   Thumb Code     0  startup_LPC17xx.o(.text)
    I2S_IRQHandler                           0x0000026b   Thumb Code     0  startup_LPC17xx.o(.text)
    MCPWM_IRQHandler                         0x0000026b   Thumb Code     0  startup_LPC17xx.o(.text)
    PLL0_IRQHandler                          0x0000026b   Thumb Code     0  startup_LPC17xx.o(.text)
    PLL1_IRQHandler                          0x0000026b   Thumb Code     0  startup_LPC17xx.o(.text)
    PWM1_IRQHandler                          0x0000026b   Thumb Code     0  startup_LPC17xx.o(.text)
    QEI_IRQHandler                           0x0000026b   Thumb Code     0  startup_LPC17xx.o(.text)
    RIT_IRQHandler                           0x0000026b   Thumb Code     0  startup_LPC17xx.o(.text)
    RTC_IRQHandler                           0x0000026b   Thumb Code     0  startup_LPC17xx.o(.text)
    SPI_IRQHandler                           0x0000026b   Thumb Code     0  startup_LPC17xx.o(.text)
    SSP0_IRQHandler                          0x0000026b   Thumb Code     0  startup_LPC17xx.o(.text)
    SSP1_IRQHandler                          0x0000026b   Thumb Code     0  startup_LPC17xx.o(.text)
    TIMER0_IRQHandler                        0x0000026b   Thumb Code     0  startup_LPC17xx.o(.text)
    TIMER1_IRQHandler                        0x0000026b   Thumb Code     0  startup_LPC17xx.o(.text)
    TIMER2_IRQHandler                        0x0000026b   Thumb Code     0  startup_LPC17xx.o(.text)
    TIMER3_IRQHandler                        0x0000026b   Thumb Code     0  startup_LPC17xx.o(.text)
    UART0_IRQHandler                         0x0000026b   Thumb Code     0  startup_LPC17xx.o(.text)
    UART1_IRQHandler                         0x0000026b   Thumb Code     0  startup_LPC17xx.o(.text)
    UART2_IRQHandler                         0x0000026b   Thumb Code     0  startup_LPC17xx.o(.text)
    UART3_IRQHandler                         0x0000026b   Thumb Code     0  startup_LPC17xx.o(.text)
    USB_IRQHandler                           0x0000026b   Thumb Code     0  startup_LPC17xx.o(.text)
    WDT_IRQHandler                           0x0000026b   Thumb Code     0  startup_LPC17xx.o(.text)
    vfprintf                                 0x00000275   Thumb Code    10  vfprintf.o(.text)
    __2printf                                0x00000281   Thumb Code    20  __2printf.o(.text)
    __2fprintf                               0x00000299   Thumb Code    20  __2fprintf.o(.text)
    __0sscanf                                0x000002ad   Thumb Code    52  __0sscanf.o(.text)
    __aeabi_memset                           0x000002e9   Thumb Code    16  aeabi_memset.o(.text)
    __use_no_heap                            0x000002f9   Thumb Code     2  hguard.o(.text)
    __heap$guard                             0x000002fb   Thumb Code     2  hguard.o(.text)
    reset_hex_parser()                       0x00000357   Thumb Code     2  main.o(.text)
    parse_hex_blob(unsigned char*, unsigned*, unsigned*) 0x00000359   Thumb Code   472  main.o(.text)
    $Super$$main                             0x00000531   Thumb Code    68  main.o(.text)
    _printf_str                              0x000005ad   Thumb Code    82  _printf_str.o(.text)
    _printf_int_dec                          0x00000601   Thumb Code   102  _printf_dec.o(.text)
    __printf                                 0x00000679   Thumb Code   390  __printf_flags_ss_wp.o(.text)
    _scanf_int                               0x00000805   Thumb Code   336  _scanf_int.o(.text)
    _do_fflush                               0x00000955   Thumb Code    54  fflush.o(.text)
    fflush                                   0x0000098b   Thumb Code    42  fflush.o(.text)
    strlen                                   0x000009b9   Thumb Code    62  strlen.o(.text)
    strncmp                                  0x000009f7   Thumb Code   150  strncmp.o(.text)
    __aeabi_memcpy                           0x00000a8d   Thumb Code     0  rt_memcpy_v6.o(.text)
    __rt_memcpy                              0x00000a8d   Thumb Code   138  rt_memcpy_v6.o(.text)
    _memcpy_lastbytes                        0x00000af3   Thumb Code     0  rt_memcpy_v6.o(.text)
    __aeabi_memmove4                         0x00000b17   Thumb Code     0  rt_memmove_w.o(.text)
    __aeabi_memmove8                         0x00000b17   Thumb Code     0  rt_memmove_w.o(.text)
    __rt_memmove_w                           0x00000b17   Thumb Code   122  rt_memmove_w.o(.text)
    __memmove_aligned                        0x00000b3d   Thumb Code     0  rt_memmove_w.o(.text)
    __memmove_lastfew_aligned                0x00000b75   Thumb Code     0  rt_memmove_w.o(.text)
    __aeabi_memclr                           0x00000b91   Thumb Code     0  rt_memclr.o(.text)
    __rt_memclr                              0x00000b91   Thumb Code    68  rt_memclr.o(.text)
    _memset                                  0x00000b95   Thumb Code     0  rt_memclr.o(.text)
    __aeabi_memclr4                          0x00000bd5   Thumb Code     0  rt_memclr_w.o(.text)
    __aeabi_memclr8                          0x00000bd5   Thumb Code     0  rt_memclr_w.o(.text)
    __rt_memclr_w                            0x00000bd5   Thumb Code    78  rt_memclr_w.o(.text)
    _memset_w                                0x00000bd9   Thumb Code     0  rt_memclr_w.o(.text)
    strcmp                                   0x00000c25   Thumb Code   128  strcmpv7m.o(.text)
    malloc                                   0x00000ca5   Thumb Code    94  h1_alloc.o(.text)
    free                                     0x00000d03   Thumb Code    78  h1_free.o(.text)
    _printf_pre_padding                      0x00000d51   Thumb Code    46  _printf_pad.o(.text)
    _printf_post_padding                     0x00000d7f   Thumb Code    36  _printf_pad.o(.text)
    _printf_truncate_signed                  0x00000da3   Thumb Code    18  _printf_truncate.o(.text)
    _printf_truncate_unsigned                0x00000db5   Thumb Code    18  _printf_truncate.o(.text)
    _printf_int_common                       0x00000dc7   Thumb Code   184  _printf_intcommon.o(.text)
    _printf_charcount                        0x00000e7f   Thumb Code    42  _printf_charcount.o(.text)
    _printf_cs_common                        0x00000ea9   Thumb Code    20  _printf_char.o(.text)
    _printf_char                             0x00000ebd   Thumb Code    16  _printf_char.o(.text)
    _printf_string                           0x00000ecd   Thumb Code     8  _printf_char.o(.text)
    _printf_char_file                        0x00000ed5   Thumb Code    32  _printf_char_file.o(.text)
    _printf_wctomb                           0x00000ef9   Thumb Code   182  _printf_wctomb.o(.text)
    _printf_longlong_dec                     0x00000fb5   Thumb Code   104  _printf_longlong_dec.o(.text)
    _printf_longlong_oct                     0x0000102d   Thumb Code    76  _printf_oct_int_ll.o(.text)
    _printf_int_oct                          0x00001079   Thumb Code    24  _printf_oct_int_ll.o(.text)
    _printf_ll_oct                           0x00001091   Thumb Code    12  _printf_oct_int_ll.o(.text)
    _printf_longlong_hex                     0x000010a5   Thumb Code    92  _printf_hex_int_ll_ptr.o(.text)
    _printf_int_hex                          0x00001101   Thumb Code    28  _printf_hex_int_ll_ptr.o(.text)
    _printf_ll_hex                           0x0000111d   Thumb Code    12  _printf_hex_int_ll_ptr.o(.text)
    _printf_hex_ptr                          0x00001129   Thumb Code    18  _printf_hex_int_ll_ptr.o(.text)
    _chval                                   0x00001141   Thumb Code    28  _chval.o(.text)
    __vfscanf_char                           0x00001169   Thumb Code    24  scanf_char.o(.text)
    _sgetc                                   0x00001189   Thumb Code    30  _sgetc.o(.text)
    _sbackspace                              0x000011a7   Thumb Code    34  _sgetc.o(.text)
    _fseek                                   0x000011c9   Thumb Code   242  fseek.o(.text)
    fseek                                    0x000011c9   Thumb Code     0  fseek.o(.text)
    _seterr                                  0x000012c1   Thumb Code    20  stdio.o(.text)
    _writebuf                                0x000012d5   Thumb Code    84  stdio.o(.text)
    _fflush                                  0x00001329   Thumb Code    70  stdio.o(.text)
    _deferredlazyseek                        0x0000136f   Thumb Code    60  stdio.o(.text)
    _initio                                  0x000013b1   Thumb Code   210  initio.o(.text)
    _terminateio                             0x00001483   Thumb Code    56  initio.o(.text)
    __aeabi_memcpy4                          0x000014e9   Thumb Code     0  rt_memcpy_w.o(.text)
    __aeabi_memcpy8                          0x000014e9   Thumb Code     0  rt_memcpy_w.o(.text)
    __rt_memcpy_w                            0x000014e9   Thumb Code   100  rt_memcpy_w.o(.text)
    _memcpy_lastbytes_aligned                0x00001531   Thumb Code     0  rt_memcpy_w.o(.text)
    __rt_heap_descriptor                     0x0000154d   Thumb Code     8  rt_heap_descriptor.o(.text)
    _terminate_user_alloc                    0x00001555   Thumb Code     2  init_alloc.o(.text)
    _init_user_alloc                         0x00001557   Thumb Code     2  init_alloc.o(.text)
    __Heap_Full                              0x00001559   Thumb Code    34  init_alloc.o(.text)
    __Heap_Broken                            0x0000157b   Thumb Code     6  init_alloc.o(.text)
    _init_alloc                              0x00001581   Thumb Code    94  init_alloc.o(.text)
    __Heap_Initialize                        0x000015df   Thumb Code    10  h1_init.o(.text)
    __Heap_DescSize                          0x000015e9   Thumb Code     4  h1_init.o(.text)
    _ll_udiv10                               0x000015ed   Thumb Code   138  lludiv10.o(.text)
    isspace                                  0x00001677   Thumb Code    18  isspace.o(.text)
    __lib_sel_fp_printf                      0x00001689   Thumb Code     2  _printf_fp_dec.o(.text)
    _printf_fp_dec_real                      0x00001835   Thumb Code   628  _printf_fp_dec.o(.text)
    _printf_fp_hex_real                      0x00001aa9   Thumb Code   760  _printf_fp_hex.o(.text)
    _printf_char_common                      0x00001db3   Thumb Code    32  _printf_char_common.o(.text)
    _printf_lcs_common                       0x00001dd9   Thumb Code    20  _printf_wchar.o(.text)
    _printf_wchar                            0x00001ded   Thumb Code    16  _printf_wchar.o(.text)
    _printf_wstring                          0x00001dfd   Thumb Code     8  _printf_wchar.o(.text)
    __vfscanf                                0x00001e05   Thumb Code   876  _scanf.o(.text)
    ferror                                   0x00002175   Thumb Code     8  ferror.o(.text)
    _ftell_internal                          0x0000217d   Thumb Code    70  ftell.o(.text)
    ftell                                    0x0000217d   Thumb Code     0  ftell.o(.text)
    setvbuf                                  0x000021c3   Thumb Code    70  setvbuf.o(.text)
    freopen                                  0x00002209   Thumb Code   158  fopen.o(.text)
    fopen                                    0x000022a7   Thumb Code    74  fopen.o(.text)
    _fclose_internal                         0x000022f5   Thumb Code    76  fclose.o(.text)
    fclose                                   0x000022f5   Thumb Code     0  fclose.o(.text)
    _wcrtomb                                 0x00002341   Thumb Code    64  _wcrtomb.o(.text)
    __sig_exit                               0x00002381   Thumb Code    10  defsig_exit.o(.text)
    __rt_SIGRTRED                            0x0000238b   Thumb Code    14  defsig_rtred_outer.o(.text)
    _sys_exit                                0x00002399   Thumb Code     8  sys_exit.o(.text)
    __rt_ctype_table                         0x000023a5   Thumb Code    16  rt_ctype_table.o(.text)
    __rt_locale                              0x000023b5   Thumb Code     8  rt_locale.o(.text)
    __aeabi_errno_addr                       0x000023bd   Thumb Code     8  rt_errno_addr.o(.text)
    __errno                                  0x000023bd   Thumb Code     0  rt_errno_addr.o(.text)
    __rt_errno_addr                          0x000023bd   Thumb Code     0  rt_errno_addr.o(.text)
    __Heap_ProvideMemory                     0x000023c5   Thumb Code    52  h1_extend.o(.text)
    _printf_fp_infnan                        0x000023f9   Thumb Code   112  _printf_fp_infnan.o(.text)
    _btod_etento                             0x00002479   Thumb Code   222  bigflt0.o(.text)
    __flsbuf                                 0x0000255d   Thumb Code   478  flsbuf.o(.text)
    __flsbuf_byte                            0x0000255d   Thumb Code     0  flsbuf.o(.text)
    __flsbuf_wide                            0x0000255d   Thumb Code     0  flsbuf.o(.text)
    __default_signal_display                 0x0000273b   Thumb Code    50  defsig_general.o(.text)
    __rt_SIGRTRED_inner                      0x0000276d   Thumb Code    14  defsig_rtred_inner.o(.text)
    __rt_SIGRTMEM                            0x000027a1   Thumb Code    14  defsig_rtmem_outer.o(.text)
    __rt_heap_escrow                         0x000027b1   Thumb Code    22  heapauxa.o(.text)
    __rt_heap_expand                         0x000027c7   Thumb Code    52  heapauxa.o(.text)
    _ttywrch                                 0x00002801   Thumb Code    14  sys_wrch.o(.text)
    __I$use$semihosting                      0x0000280f   Thumb Code     0  use_no_semi.o(.text)
    __use_no_semihosting_swi                 0x0000280f   Thumb Code     2  use_no_semi.o(.text)
    __rt_SIGRTMEM_inner                      0x00002811   Thumb Code    22  defsig_rtmem_inner.o(.text)
    __semihosting_library_function           0x00002811   Thumb Code     0  indicate_semi.o(.text)
    _btod_d2e                                0x00002861   Thumb Code    62  btod.o(CL$$btod_d2e)
    _d2e_denorm_low                          0x0000289f   Thumb Code    70  btod.o(CL$$btod_d2e_denorm_low)
    _d2e_norm_op1                            0x000028e5   Thumb Code    96  btod.o(CL$$btod_d2e_norm_op1)
    __btod_div_common                        0x00002945   Thumb Code   696  btod.o(CL$$btod_div_common)
    _e2e                                     0x00002c7d   Thumb Code   198  btod.o(CL$$btod_e2e)
    _btod_ediv                               0x00002d43   Thumb Code    40  btod.o(CL$$btod_ediv)
    _btod_emul                               0x00002d6b   Thumb Code    40  btod.o(CL$$btod_emul)
    __btod_mult_common                       0x00002d93   Thumb Code   580  btod.o(CL$$btod_mult_common)
    main                                     0x00002fd7   Thumb Code    18  retarget.o(i.$Sub$$main)
    NVIC_SetVector                           0x00002fe9   Thumb Code   102  cmsis_nvic.o(i.NVIC_SetVector)
    SystemInit                               0x00003055   Thumb Code   150  system_LPC17xx.o(i.SystemInit)
    mbed::FileBase::getPathType()            0x000030f5   Thumb Code     4  FileBase.o(i._ZN4mbed8FileBase11getPathTypeEv)
    mbed::FileBase::lookup(const char*, unsigned) 0x000030f9   Thumb Code    50  FileBase.o(i._ZN4mbed8FileBase6lookupEPKcj)
    mbed::FilePath::fileSystem()             0x00003131   Thumb Code    24  FilePath.o(i._ZN4mbed8FilePath10fileSystemEv)
    mbed::FilePath::file()                   0x00003149   Thumb Code    28  FilePath.o(i._ZN4mbed8FilePath4fileEv)
    mbed::FilePath::exists()                 0x00003165   Thumb Code    10  FilePath.o(i._ZN4mbed8FilePath6existsEv)
    mbed::FilePath::isFile()                 0x0000316f   Thumb Code    24  FilePath.o(i._ZN4mbed8FilePath6isFileEv)
    mbed::FilePath::fileName()               0x00003187   Thumb Code     4  FilePath.o(i._ZN4mbed8FilePath8fileNameEv)
    mbed::FilePath::FilePath(const char*)    0x0000318b   Thumb Code    64  FilePath.o(i._ZN4mbed8FilePathC1EPKc)
    mbed::FilePath::FilePath__sub_object(const char*) 0x0000318b   Thumb Code     0  FilePath.o(i._ZN4mbed8FilePathC1EPKc)
    __ARM_fpclassify                         0x000031cb   Thumb Code    40  fpclassify.o(i.__ARM_fpclassify)
    __user_setup_stackheap                   0x000031f5   Thumb Code    10  sys.o(i.__user_setup_stackheap)
    _is_digit                                0x00003205   Thumb Code    14  __printf_wp.o(i._is_digit)
    _sys_close                               0x00003215   Thumb Code    40  retarget.o(i._sys_close)
    _sys_flen                                0x00003241   Thumb Code    34  retarget.o(i._sys_flen)
    _sys_istty                               0x00003269   Thumb Code    34  retarget.o(i._sys_istty)
    _sys_open                                0x00003291   Thumb Code   300  retarget.o(i._sys_open)
    _sys_seek                                0x000033dd   Thumb Code    36  retarget.o(i._sys_seek)
    _sys_write                               0x00003405   Thumb Code    82  retarget.o(i._sys_write)
    error                                    0x00003469   Thumb Code    20  error.o(i.error)
    exit                                     0x00003481   Thumb Code    36  exit.o(i.exit)
    fputc                                    0x000034ad   Thumb Code    26  fputc.o(i.fputc)
    gpio_dir                                 0x000034c9   Thumb Code    52  gpio_api.o(i.gpio_dir)
    gpio_init                                0x00003519   Thumb Code    56  gpio_api.o(i.gpio_init)
    gpio_init_in                             0x00003551   Thumb Code    38  gpio.o(i.gpio_init_in)
    gpio_init_out                            0x00003579   Thumb Code    62  gpio.o(i.gpio_init_out)
    gpio_init_out_ex                         0x000035bd   Thumb Code    74  gpio.o(i.gpio_init_out_ex)
    gpio_mode                                0x0000360d   Thumb Code     6  gpio_api.o(i.gpio_mode)
    mbed_assert_internal                     0x00003615   Thumb Code    24  assert.o(i.mbed_assert_internal)
    mbed_die                                 0x00003665   Thumb Code   242  board.o(i.mbed_die)
    mbed_interface_connected                 0x0000376d   Thumb Code     4  mbed_interface.o(i.mbed_interface_connected)
    mbed_main                                0x00003771   Thumb Code     2  retarget.o(i.mbed_main)
    mbed_sdk_init                            0x00003773   Thumb Code     2  retarget.o(i.mbed_sdk_init)
    pin_function                             0x00003775   Thumb Code    62  pinmap.o(i.pin_function)
    pin_mode                                 0x000037d1   Thumb Code   104  pinmap.o(i.pin_mode)
    pinmap_find_peripheral                   0x00003855   Thumb Code    30  pinmap_common.o(i.pinmap_find_peripheral)
    pinmap_merge                             0x00003875   Thumb Code    34  pinmap_common.o(i.pinmap_merge)
    pinmap_peripheral                        0x000038ad   Thumb Code    54  pinmap_common.o(i.pinmap_peripheral)
    pinmap_pinout                            0x00003905   Thumb Code    60  pinmap_common.o(i.pinmap_pinout)
    semihost_connected                       0x00003955   Thumb Code    10  semihost_api.o(i.semihost_connected)
    semihost_exit                            0x00003965   Thumb Code    12  semihost_api.o(i.semihost_exit)
    serial_baud                              0x00003971   Thumb Code   408  serial_api.o(i.serial_baud)
    serial_format                            0x00003b35   Thumb Code   154  serial_api.o(i.serial_format)
    serial_init                              0x00003bd5   Thumb Code   334  serial_api.o(i.serial_init)
    serial_putc                              0x00003e21   Thumb Code   100  serial_api.o(i.serial_putc)
    serial_set_flow_control                  0x00003e89   Thumb Code   252  serial_api.o(i.serial_set_flow_control)
    uart0_irq                                0x00003f95   Thumb Code    14  serial_api.o(i.uart0_irq)
    uart1_irq                                0x00003fa9   Thumb Code    14  serial_api.o(i.uart1_irq)
    uart2_irq                                0x00003fbd   Thumb Code    14  serial_api.o(i.uart2_irq)
    uart3_irq                                0x00003fd1   Thumb Code    14  serial_api.o(i.uart3_irq)
    us_ticker_clear_interrupt                0x00004049   Thumb Code     8  us_ticker.o(i.us_ticker_clear_interrupt)
    us_ticker_disable_interrupt              0x00004055   Thumb Code    12  us_ticker.o(i.us_ticker_disable_interrupt)
    us_ticker_irq_handler                    0x00004065   Thumb Code    62  us_ticker_api.o(i.us_ticker_irq_handler)
    us_ticker_read                           0x000040a9   Thumb Code    72  us_ticker.o(i.us_ticker_read)
    us_ticker_set_interrupt                  0x00004109   Thumb Code    14  us_ticker.o(i.us_ticker_set_interrupt)
    wait_ms                                  0x0000411d   Thumb Code    28  wait_api.o(i.wait_ms)
    _get_lc_numeric                          0x00004139   Thumb Code    44  lc_numeric_c.o(locale$$code)
    _get_lc_ctype                            0x00004165   Thumb Code    44  lc_ctype_c.o(locale$$code)
    _printf_fp_dec                           0x00004191   Thumb Code     4  printf1.o(x$fpl$printf1)
    _printf_fp_hex                           0x00004195   Thumb Code     4  printf2.o(x$fpl$printf2)
    __I$use$fp                               0x00004198   Number         0  usenofp.o(x$fpl$usenofp)
    __stdin_name                             0x00004198   Data           7  retarget.o(.constdata)
    __stdout_name                            0x0000419f   Data           8  retarget.o(.constdata)
    __stderr_name                            0x000041a7   Data           8  retarget.o(.constdata)
    Region$$Table$$Base                      0x00004704   Number         0  anon$$obj.o(Region$$Table)
    Region$$Table$$Limit                     0x00004724   Number         0  anon$$obj.o(Region$$Table)
    __ctype                                  0x0000474d   Data           0  lc_ctype_c.o(locale$$data)
    hex_file                                 0x100000c8   Data        1568  main.o(.data)
    SystemCoreClock                          0x100006f4   Data           4  system_LPC17xx.o(.data)
    stdio_uart_inited                        0x100006f8   Data           4  serial_api.o(.data)
    stdio_uart                               0x10000700   Data           8  serial_api.o(.data)
    us_ticker_inited                         0x10000708   Data           4  us_ticker.o(.data)
    mbed::FileBase::_head                    0x1000070c   Data           4  FileBase.o(.data)
    __aeabi_stdin                            0x10000718   Data           4  stdio_streams.o(.data)
    __aeabi_stdout                           0x1000071c   Data           4  stdio_streams.o(.data)
    __aeabi_stderr                           0x10000720   Data           4  stdio_streams.o(.data)
    __stdin                                  0x10000894   Data          84  stdio_streams.o(.bss)
    __stdout                                 0x100008e8   Data          84  stdio_streams.o(.bss)
    __stderr                                 0x1000093c   Data          84  stdio_streams.o(.bss)
    Image$$RW_IRAM1$$ZI$$Limit               0x100009ac   Number         0  rt_errno_addr.o(.bss)



==============================================================================

Memory Map of the image

  Image Entry point : 0x000000c5

  Load Region LR_IROM1 (Base: 0x00000000, Size: 0x00004eb0, Max: 0x00080000, ABSOLUTE, COMPRESSED[0x00004ad4])

    Execution Region ER_IROM1 (Base: 0x00000000, Size: 0x00004850, Max: 0x00080000, ABSOLUTE)

    Base Addr    Size         Type   Attr      Idx    E Section Name        Object

    0x00000000   0x000000c4   Data   RO          397    RESET               startup_LPC17xx.o
    0x000000c4   0x00000008   Code   RO          802  * !!!main             c_w.l(__main.o)
    0x000000cc   0x00000034   Code   RO         1462    !!!scatter          c_w.l(__scatter.o)
    0x00000100   0x00000064   Code   RO         1460    !!dclz77c           c_w.l(__dclz77c.o)
    0x00000164   0x0000001c   Code   RO         1464    !!handler_zi        c_w.l(__scatter_zi.o)
    0x00000180   0x00000000   Code   RO          769    .ARM.Collect$$_printf_percent$$00000000  c_w.l(_printf_percent.o)
    0x00000180   0x00000006   Code   RO         1037    .ARM.Collect$$_printf_percent$$00000001  c_w.l(_printf_n.o)
    0x00000186   0x00000006   Code   RO         1039    .ARM.Collect$$_printf_percent$$00000002  c_w.l(_printf_p.o)
    0x0000018c   0x00000006   Code   RO         1043    .ARM.Collect$$_printf_percent$$00000003  c_w.l(_printf_f.o)
    0x00000192   0x00000006   Code   RO         1044    .ARM.Collect$$_printf_percent$$00000004  c_w.l(_printf_e.o)
    0x00000198   0x00000006   Code   RO         1045    .ARM.Collect$$_printf_percent$$00000005  c_w.l(_printf_g.o)
    0x0000019e   0x00000006   Code   RO         1046    .ARM.Collect$$_printf_percent$$00000006  c_w.l(_printf_a.o)
    0x000001a4   0x0000000a   Code   RO         1051    .ARM.Collect$$_printf_percent$$00000007  c_w.l(_printf_ll.o)
    0x000001ae   0x00000006   Code   RO         1041    .ARM.Collect$$_printf_percent$$00000008  c_w.l(_printf_i.o)
    0x000001b4   0x00000006   Code   RO          768    .ARM.Collect$$_printf_percent$$00000009  c_w.l(_printf_d.o)
    0x000001ba   0x00000006   Code   RO         1042    .ARM.Collect$$_printf_percent$$0000000A  c_w.l(_printf_u.o)
    0x000001c0   0x00000006   Code   RO         1040    .ARM.Collect$$_printf_percent$$0000000B  c_w.l(_printf_o.o)
    0x000001c6   0x00000006   Code   RO         1038    .ARM.Collect$$_printf_percent$$0000000C  c_w.l(_printf_x.o)
    0x000001cc   0x00000006   Code   RO         1048    .ARM.Collect$$_printf_percent$$0000000D  c_w.l(_printf_lli.o)
    0x000001d2   0x00000006   Code   RO         1049    .ARM.Collect$$_printf_percent$$0000000E  c_w.l(_printf_lld.o)
    0x000001d8   0x00000006   Code   RO         1050    .ARM.Collect$$_printf_percent$$0000000F  c_w.l(_printf_llu.o)
    0x000001de   0x00000006   Code   RO         1055    .ARM.Collect$$_printf_percent$$00000010  c_w.l(_printf_llo.o)
    0x000001e4   0x00000006   Code   RO         1056    .ARM.Collect$$_printf_percent$$00000011  c_w.l(_printf_llx.o)
    0x000001ea   0x0000000a   Code   RO         1052    .ARM.Collect$$_printf_percent$$00000012  c_w.l(_printf_l.o)
    0x000001f4   0x00000006   Code   RO         1036    .ARM.Collect$$_printf_percent$$00000013  c_w.l(_printf_c.o)
    0x000001fa   0x00000006   Code   RO          767    .ARM.Collect$$_printf_percent$$00000014  c_w.l(_printf_s.o)
    0x00000200   0x00000006   Code   RO         1053    .ARM.Collect$$_printf_percent$$00000015  c_w.l(_printf_lc.o)
    0x00000206   0x00000006   Code   RO         1054    .ARM.Collect$$_printf_percent$$00000016  c_w.l(_printf_ls.o)
    0x0000020c   0x00000004   Code   RO         1047    .ARM.Collect$$_printf_percent$$00000017  c_w.l(_printf_percent_end.o)
    0x00000210   0x00000002   Code   RO         1377    .ARM.Collect$$libinit$$00000000  c_w.l(libinit.o)
    0x00000212   0x00000000   Code   RO         1218    .ARM.Collect$$libinit$$00000002  c_w.l(libinit2.o)
    0x00000212   0x00000008   Code   RO         1219    .ARM.Collect$$libinit$$00000003  c_w.l(libinit2.o)
    0x0000021a   0x00000000   Code   RO         1221    .ARM.Collect$$libinit$$00000008  c_w.l(libinit2.o)
    0x0000021a   0x00000000   Code   RO         1223    .ARM.Collect$$libinit$$0000000A  c_w.l(libinit2.o)
    0x0000021a   0x00000000   Code   RO         1225    .ARM.Collect$$libinit$$0000000C  c_w.l(libinit2.o)
    0x0000021a   0x00000006   Code   RO         1226    .ARM.Collect$$libinit$$0000000D  c_w.l(libinit2.o)
    0x00000220   0x00000000   Code   RO         1228    .ARM.Collect$$libinit$$0000000F  c_w.l(libinit2.o)
    0x00000220   0x0000000c   Code   RO         1229    .ARM.Collect$$libinit$$00000010  c_w.l(libinit2.o)
    0x0000022c   0x00000000   Code   RO         1230    .ARM.Collect$$libinit$$00000011  c_w.l(libinit2.o)
    0x0000022c   0x00000000   Code   RO         1232    .ARM.Collect$$libinit$$00000013  c_w.l(libinit2.o)
    0x0000022c   0x0000000a   Code   RO         1233    .ARM.Collect$$libinit$$00000014  c_w.l(libinit2.o)
    0x00000236   0x00000000   Code   RO         1234    .ARM.Collect$$libinit$$00000015  c_w.l(libinit2.o)
    0x00000236   0x00000000   Code   RO         1236    .ARM.Collect$$libinit$$00000017  c_w.l(libinit2.o)
    0x00000236   0x00000000   Code   RO         1238    .ARM.Collect$$libinit$$00000019  c_w.l(libinit2.o)
    0x00000236   0x00000000   Code   RO         1240    .ARM.Collect$$libinit$$0000001B  c_w.l(libinit2.o)
    0x00000236   0x00000000   Code   RO         1242    .ARM.Collect$$libinit$$0000001D  c_w.l(libinit2.o)
    0x00000236   0x00000000   Code   RO         1244    .ARM.Collect$$libinit$$0000001F  c_w.l(libinit2.o)
    0x00000236   0x00000000   Code   RO         1246    .ARM.Collect$$libinit$$00000021  c_w.l(libinit2.o)
    0x00000236   0x00000004   Code   RO         1247    .ARM.Collect$$libinit$$00000022  c_w.l(libinit2.o)
    0x0000023a   0x00000000   Code   RO         1248    .ARM.Collect$$libinit$$00000023  c_w.l(libinit2.o)
    0x0000023a   0x00000000   Code   RO         1252    .ARM.Collect$$libinit$$0000002A  c_w.l(libinit2.o)
    0x0000023a   0x00000000   Code   RO         1254    .ARM.Collect$$libinit$$0000002C  c_w.l(libinit2.o)
    0x0000023a   0x00000000   Code   RO         1256    .ARM.Collect$$libinit$$0000002E  c_w.l(libinit2.o)
    0x0000023a   0x00000000   Code   RO         1258    .ARM.Collect$$libinit$$00000030  c_w.l(libinit2.o)
    0x0000023a   0x00000002   Code   RO         1259    .ARM.Collect$$libinit$$00000031  c_w.l(libinit2.o)
    0x0000023c   0x00000000   Code   RO         1262    .ARM.Collect$$libshutdown$$00000003  c_w.l(libshutdown2.o)
    0x0000023c   0x00000000   Code   RO          920    .ARM.Collect$$rtentry$$00000000  c_w.l(rtentry.o)
    0x0000023c   0x00000000   Code   RO         1125    .ARM.Collect$$rtentry$$00000002  c_w.l(rtentry2.o)
    0x0000023c   0x00000006   Code   RO         1137    .ARM.Collect$$rtentry$$00000004  c_w.l(rtentry4.o)
    0x00000242   0x00000000   Code   RO         1127    .ARM.Collect$$rtentry$$00000009  c_w.l(rtentry2.o)
    0x00000242   0x00000004   Code   RO         1128    .ARM.Collect$$rtentry$$0000000A  c_w.l(rtentry2.o)
    0x00000246   0x00000000   Code   RO         1130    .ARM.Collect$$rtentry$$0000000C  c_w.l(rtentry2.o)
    0x00000246   0x00000008   Code   RO         1131    .ARM.Collect$$rtentry$$0000000D  c_w.l(rtentry2.o)
    0x0000024e   0x00000002   PAD
    0x00000250   0x00000000   Code   RO         1309    .emb_text           c_w.l(maybetermalloc1.o)
    0x00000250   0x00000024   Code   RO          399    .text               startup_LPC17xx.o
    0x00000274   0x0000000a   Code   RO          731    .text               c_w.l(vfprintf.o)
    0x0000027e   0x00000002   PAD
    0x00000280   0x00000018   Code   RO          733    .text               c_w.l(__2printf.o)
    0x00000298   0x00000014   Code   RO          735    .text               c_w.l(__2fprintf.o)
    0x000002ac   0x0000003c   Code   RO          770    .text               c_w.l(__0sscanf.o)
    0x000002e8   0x00000010   Code   RO          792    .text               c_w.l(aeabi_memset.o)
    0x000002f8   0x00000004   Code   RO         1148    .text               c_w.l(hguard.o)
    0x000002fc   0x00000004   Code   RO          398    .ARM.__at_0x02FC    startup_LPC17xx.o
    0x00000300   0x000002ac   Code   RO            3    .text               main.o
    0x000005ac   0x00000052   Code   RO          743    .text               c_w.l(_printf_str.o)
    0x000005fe   0x00000002   PAD
    0x00000600   0x00000078   Code   RO          745    .text               c_w.l(_printf_dec.o)
    0x00000678   0x0000018c   Code   RO          764    .text               c_w.l(__printf_flags_ss_wp.o)
    0x00000804   0x00000150   Code   RO          772    .text               c_w.l(_scanf_int.o)
    0x00000954   0x00000064   Code   RO          774    .text               c_w.l(fflush.o)
    0x000009b8   0x0000003e   Code   RO          784    .text               c_w.l(strlen.o)
    0x000009f6   0x00000096   Code   RO          786    .text               c_w.l(strncmp.o)
    0x00000a8c   0x0000008a   Code   RO          788    .text               c_w.l(rt_memcpy_v6.o)
    0x00000b16   0x0000007a   Code   RO          790    .text               c_w.l(rt_memmove_w.o)
    0x00000b90   0x00000044   Code   RO          794    .text               c_w.l(rt_memclr.o)
    0x00000bd4   0x0000004e   Code   RO          796    .text               c_w.l(rt_memclr_w.o)
    0x00000c22   0x00000002   PAD
    0x00000c24   0x00000080   Code   RO          800    .text               c_w.l(strcmpv7m.o)
    0x00000ca4   0x0000005e   Code   RO          934    .text               c_w.l(h1_alloc.o)
    0x00000d02   0x0000004e   Code   RO          936    .text               c_w.l(h1_free.o)
    0x00000d50   0x00000052   Code   RO          992    .text               c_w.l(_printf_pad.o)
    0x00000da2   0x00000024   Code   RO          994    .text               c_w.l(_printf_truncate.o)
    0x00000dc6   0x000000b8   Code   RO          996    .text               c_w.l(_printf_intcommon.o)
    0x00000e7e   0x0000002a   Code   RO          998    .text               c_w.l(_printf_charcount.o)
    0x00000ea8   0x0000002c   Code   RO         1000    .text               c_w.l(_printf_char.o)
    0x00000ed4   0x00000024   Code   RO         1002    .text               c_w.l(_printf_char_file.o)
    0x00000ef8   0x000000bc   Code   RO         1004    .text               c_w.l(_printf_wctomb.o)
    0x00000fb4   0x00000078   Code   RO         1007    .text               c_w.l(_printf_longlong_dec.o)
    0x0000102c   0x00000078   Code   RO         1013    .text               c_w.l(_printf_oct_int_ll.o)
    0x000010a4   0x0000009c   Code   RO         1033    .text               c_w.l(_printf_hex_int_ll_ptr.o)
    0x00001140   0x0000001c   Code   RO         1057    .text               c_w.l(_chval.o)
    0x0000115c   0x0000002c   Code   RO         1059    .text               c_w.l(scanf_char.o)
    0x00001188   0x00000040   Code   RO         1061    .text               c_w.l(_sgetc.o)
    0x000011c8   0x000000f8   Code   RO         1063    .text               c_w.l(fseek.o)
    0x000012c0   0x000000f0   Code   RO         1065    .text               c_w.l(stdio.o)
    0x000013b0   0x00000138   Code   RO         1068    .text               c_w.l(initio.o)
    0x000014e8   0x00000064   Code   RO         1076    .text               c_w.l(rt_memcpy_w.o)
    0x0000154c   0x00000008   Code   RO         1143    .text               c_w.l(rt_heap_descriptor.o)
    0x00001554   0x0000008a   Code   RO         1150    .text               c_w.l(init_alloc.o)
    0x000015de   0x0000000e   Code   RO         1154    .text               c_w.l(h1_init.o)
    0x000015ec   0x0000008a   Code   RO         1168    .text               c_w.l(lludiv10.o)
    0x00001676   0x00000012   Code   RO         1170    .text               c_w.l(isspace.o)
    0x00001688   0x00000420   Code   RO         1172    .text               c_w.l(_printf_fp_dec.o)
    0x00001aa8   0x00000300   Code   RO         1174    .text               c_w.l(_printf_fp_hex.o)
    0x00001da8   0x00000030   Code   RO         1177    .text               c_w.l(_printf_char_common.o)
    0x00001dd8   0x0000002c   Code   RO         1179    .text               c_w.l(_printf_wchar.o)
    0x00001e04   0x00000370   Code   RO         1181    .text               c_w.l(_scanf.o)
    0x00002174   0x00000008   Code   RO         1183    .text               c_w.l(ferror.o)
    0x0000217c   0x00000046   Code   RO         1189    .text               c_w.l(ftell.o)
    0x000021c2   0x00000046   Code   RO         1191    .text               c_w.l(setvbuf.o)
    0x00002208   0x000000ec   Code   RO         1193    .text               c_w.l(fopen.o)
    0x000022f4   0x0000004c   Code   RO         1195    .text               c_w.l(fclose.o)
    0x00002340   0x00000040   Code   RO         1205    .text               c_w.l(_wcrtomb.o)
    0x00002380   0x0000000a   Code   RO         1207    .text               c_w.l(defsig_exit.o)
    0x0000238a   0x0000000e   Code   RO         1209    .text               c_w.l(defsig_rtred_outer.o)
    0x00002398   0x0000000c   Code   RO         1293    .text               c_w.l(sys_exit.o)
    0x000023a4   0x00000010   Code   RO         1295    .text               c_w.l(rt_ctype_table.o)
    0x000023b4   0x00000008   Code   RO         1297    .text               c_w.l(rt_locale.o)
    0x000023bc   0x00000008   Code   RO         1302    .text               c_w.l(rt_errno_addr.o)
    0x000023c4   0x00000034   Code   RO         1311    .text               c_w.l(h1_extend.o)
    0x000023f8   0x00000080   Code   RO         1315    .text               c_w.l(_printf_fp_infnan.o)
    0x00002478   0x000000e4   Code   RO         1319    .text               c_w.l(bigflt0.o)
    0x0000255c   0x000001de   Code   RO         1344    .text               c_w.l(flsbuf.o)
    0x0000273a   0x00000032   Code   RO         1353    .text               c_w.l(defsig_general.o)
    0x0000276c   0x00000034   Code   RO         1359    .text               c_w.l(defsig_rtred_inner.o)
    0x000027a0   0x0000000e   Code   RO         1361    .text               c_w.l(defsig_rtmem_outer.o)
    0x000027ae   0x00000002   PAD
    0x000027b0   0x00000050   Code   RO         1365    .text               c_w.l(heapauxa.o)
    0x00002800   0x0000000e   Code   RO         1398    .text               c_w.l(sys_wrch.o)
    0x0000280e   0x00000002   Code   RO         1400    .text               c_w.l(use_no_semi.o)
    0x00002810   0x00000000   Code   RO         1402    .text               c_w.l(indicate_semi.o)
    0x00002810   0x00000050   Code   RO         1427    .text               c_w.l(defsig_rtmem_inner.o)
    0x00002860   0x0000003e   Code   RO         1322    CL$$btod_d2e        c_w.l(btod.o)
    0x0000289e   0x00000046   Code   RO         1324    CL$$btod_d2e_denorm_low  c_w.l(btod.o)
    0x000028e4   0x00000060   Code   RO         1323    CL$$btod_d2e_norm_op1  c_w.l(btod.o)
    0x00002944   0x00000338   Code   RO         1332    CL$$btod_div_common  c_w.l(btod.o)
    0x00002c7c   0x000000c6   Code   RO         1329    CL$$btod_e2e        c_w.l(btod.o)
    0x00002d42   0x00000028   Code   RO         1326    CL$$btod_ediv       c_w.l(btod.o)
    0x00002d6a   0x00000028   Code   RO         1325    CL$$btod_emul       c_w.l(btod.o)
    0x00002d92   0x00000244   Code   RO         1331    CL$$btod_mult_common  c_w.l(btod.o)
    0x00002fd6   0x00000012   Code   RO          269    i.$Sub$$main        retarget.o
    0x00002fe8   0x0000006c   Code   RO          392    i.NVIC_SetVector    cmsis_nvic.o
    0x00003054   0x000000a0   Code   RO          376    i.SystemInit        system_LPC17xx.o
    0x000030f4   0x00000004   Code   RO          604    i._ZN4mbed8FileBase11getPathTypeEv  mbed.ar(FileBase.o)
    0x000030f8   0x00000038   Code   RO          606    i._ZN4mbed8FileBase6lookupEPKcj  mbed.ar(FileBase.o)
    0x00003130   0x00000018   Code   RO          455    i._ZN4mbed8FilePath10fileSystemEv  mbed.ar(FilePath.o)
    0x00003148   0x0000001c   Code   RO          457    i._ZN4mbed8FilePath4fileEv  mbed.ar(FilePath.o)
    0x00003164   0x0000000a   Code   RO          458    i._ZN4mbed8FilePath6existsEv  mbed.ar(FilePath.o)
    0x0000316e   0x00000018   Code   RO          459    i._ZN4mbed8FilePath6isFileEv  mbed.ar(FilePath.o)
    0x00003186   0x00000004   Code   RO          460    i._ZN4mbed8FilePath8fileNameEv  mbed.ar(FilePath.o)
    0x0000318a   0x00000040   Code   RO          461    i._ZN4mbed8FilePathC1EPKc  mbed.ar(FilePath.o)
    0x000031ca   0x00000028   Code   RO         1396    i.__ARM_fpclassify  m_ws.l(fpclassify.o)
    0x000031f2   0x00000002   PAD
    0x000031f4   0x00000010   Code   RO          401    i.__user_setup_stackheap  sys.o
    0x00003204   0x0000000e   Code   RO          757    i._is_digit         c_w.l(__printf_wp.o)
    0x00003212   0x00000002   PAD
    0x00003214   0x0000002c   Code   RO          272    i._sys_close        retarget.o
    0x00003240   0x00000028   Code   RO          275    i._sys_flen         retarget.o
    0x00003268   0x00000028   Code   RO          276    i._sys_istty        retarget.o
    0x00003290   0x0000014c   Code   RO          277    i._sys_open         retarget.o
    0x000033dc   0x00000028   Code   RO          279    i._sys_seek         retarget.o
    0x00003404   0x00000064   Code   RO          280    i._sys_write        retarget.o
    0x00003468   0x00000018   Code   RO          646    i.error             mbed.ar(error.o)
    0x00003480   0x0000002c   Code   RO          665    i.exit              mbed.ar(exit.o)
    0x000034ac   0x0000001a   Code   RO         1186    i.fputc             c_w.l(fputc.o)
    0x000034c6   0x00000002   PAD
    0x000034c8   0x00000050   Code   RO          567    i.gpio_dir          mbed.ar(gpio_api.o)
    0x00003518   0x00000038   Code   RO          568    i.gpio_init         mbed.ar(gpio_api.o)
    0x00003550   0x00000026   Code   RO          546    i.gpio_init_in      mbed.ar(gpio.o)
    0x00003576   0x00000002   PAD
    0x00003578   0x00000044   Code   RO          549    i.gpio_init_out     mbed.ar(gpio.o)
    0x000035bc   0x00000050   Code   RO          550    i.gpio_init_out_ex  mbed.ar(gpio.o)
    0x0000360c   0x00000006   Code   RO          569    i.gpio_mode         mbed.ar(gpio_api.o)
    0x00003612   0x00000002   PAD
    0x00003614   0x00000050   Code   RO          540    i.mbed_assert_internal  mbed.ar(assert.o)
    0x00003664   0x00000108   Code   RO          384    i.mbed_die          board.o
    0x0000376c   0x00000004   Code   RO          671    i.mbed_interface_connected  mbed.ar(mbed_interface.o)
    0x00003770   0x00000002   Code   RO          282    i.mbed_main         retarget.o
    0x00003772   0x00000002   Code   RO          283    i.mbed_sdk_init     retarget.o
    0x00003774   0x0000005c   Code   RO          580    i.pin_function      mbed.ar(pinmap.o)
    0x000037d0   0x00000084   Code   RO          581    i.pin_mode          mbed.ar(pinmap.o)
    0x00003854   0x0000001e   Code   RO          634    i.pinmap_find_peripheral  mbed.ar(pinmap_common.o)
    0x00003872   0x00000002   PAD
    0x00003874   0x00000038   Code   RO          635    i.pinmap_merge      mbed.ar(pinmap_common.o)
    0x000038ac   0x00000058   Code   RO          636    i.pinmap_peripheral  mbed.ar(pinmap_common.o)
    0x00003904   0x00000050   Code   RO          637    i.pinmap_pinout     mbed.ar(pinmap_common.o)
    0x00003954   0x00000010   Code   RO          692    i.semihost_connected  mbed.ar(semihost_api.o)
    0x00003964   0x0000000c   Code   RO          695    i.semihost_exit     mbed.ar(semihost_api.o)
    0x00003970   0x000001c4   Code   RO          406    i.serial_baud       mbed.ar(serial_api.o)
    0x00003b34   0x000000a0   Code   RO          410    i.serial_format     mbed.ar(serial_api.o)
    0x00003bd4   0x00000178   Code   RO          413    i.serial_init       mbed.ar(serial_api.o)
    0x00003d4c   0x000000d4   Code   RO          416    i.serial_irq_set_internal  mbed.ar(serial_api.o)
    0x00003e20   0x00000068   Code   RO          418    i.serial_putc       mbed.ar(serial_api.o)
    0x00003e88   0x0000010c   Code   RO          420    i.serial_set_flow_control  mbed.ar(serial_api.o)
    0x00003f94   0x00000014   Code   RO          422    i.uart0_irq         mbed.ar(serial_api.o)
    0x00003fa8   0x00000014   Code   RO          423    i.uart1_irq         mbed.ar(serial_api.o)
    0x00003fbc   0x00000014   Code   RO          424    i.uart2_irq         mbed.ar(serial_api.o)
    0x00003fd0   0x00000014   Code   RO          425    i.uart3_irq         mbed.ar(serial_api.o)
    0x00003fe4   0x00000064   Code   RO          426    i.uart_irq          mbed.ar(serial_api.o)
    0x00004048   0x0000000c   Code   RO          589    i.us_ticker_clear_interrupt  mbed.ar(us_ticker.o)
    0x00004054   0x00000010   Code   RO          590    i.us_ticker_disable_interrupt  mbed.ar(us_ticker.o)
    0x00004064   0x00000044   Code   RO          653    i.us_ticker_irq_handler  mbed.ar(us_ticker_api.o)
    0x000040a8   0x00000060   Code   RO          592    i.us_ticker_read    mbed.ar(us_ticker.o)
    0x00004108   0x00000014   Code   RO          593    i.us_ticker_set_interrupt  mbed.ar(us_ticker.o)
    0x0000411c   0x0000001c   Code   RO          560    i.wait_ms           mbed.ar(wait_api.o)
    0x00004138   0x0000002c   Code   RO         1347    locale$$code        c_w.l(lc_numeric_c.o)
    0x00004164   0x0000002c   Code   RO         1417    locale$$code        c_w.l(lc_ctype_c.o)
    0x00004190   0x00000004   Code   RO         1110    x$fpl$printf1       fz_ws.l(printf1.o)
    0x00004194   0x00000004   Code   RO         1112    x$fpl$printf2       fz_ws.l(printf2.o)
    0x00004198   0x00000000   Code   RO         1118    x$fpl$usenofp       fz_ws.l(usenofp.o)
    0x00004198   0x00000017   Data   RO          320    .constdata          retarget.o
    0x000041af   0x00000001   PAD
    0x000041b0   0x00000067   Data   RO          385    .constdata          board.o
    0x00004217   0x00000001   PAD
    0x00004218   0x000002c0   Data   RO          428    .constdata          mbed.ar(serial_api.o)
    0x000044d8   0x00000067   Data   RO          551    .constdata          mbed.ar(gpio.o)
    0x0000453f   0x00000001   PAD
    0x00004540   0x0000006c   Data   RO          571    .constdata          mbed.ar(gpio_api.o)
    0x000045ac   0x00000058   Data   RO          582    .constdata          mbed.ar(pinmap.o)
    0x00004604   0x00000011   Data   RO          765    .constdata          c_w.l(__printf_flags_ss_wp.o)
    0x00004615   0x00000003   PAD
    0x00004618   0x00000008   Data   RO         1005    .constdata          c_w.l(_printf_wctomb.o)
    0x00004620   0x00000028   Data   RO         1034    .constdata          c_w.l(_printf_hex_int_ll_ptr.o)
    0x00004648   0x00000026   Data   RO         1175    .constdata          c_w.l(_printf_fp_hex.o)
    0x0000466e   0x00000002   PAD
    0x00004670   0x00000094   Data   RO         1320    .constdata          c_w.l(bigflt0.o)
    0x00004704   0x00000020   Data   RO         1458    Region$$Table       anon$$obj.o
    0x00004724   0x0000001c   Data   RO         1346    locale$$data        c_w.l(lc_numeric_c.o)
    0x00004740   0x00000110   Data   RO         1416    locale$$data        c_w.l(lc_ctype_c.o)


    Execution Region RW_IRAM1 (Base: 0x100000c8, Size: 0x000008e4, Max: 0x00007f38, ABSOLUTE, COMPRESSED[0x00000284])

    Base Addr    Size         Type   Attr      Idx    E Section Name        Object

    0x100000c8   0x00000629   Data   RW            6    .data               main.o
    0x100006f1   0x00000003   PAD
    0x100006f4   0x00000004   Data   RW          377    .data               system_LPC17xx.o
    0x100006f8   0x00000010   Data   RW          429    .data               mbed.ar(serial_api.o)
    0x10000708   0x00000004   Data   RW          594    .data               mbed.ar(us_ticker.o)
    0x1000070c   0x00000004   Data   RW          618    .data               mbed.ar(FileBase.o)
    0x10000710   0x00000008   Data   RW          656    .data               mbed.ar(us_ticker_api.o)
    0x10000718   0x00000004   Data   RW          779    .data               c_w.l(stdio_streams.o)
    0x1000071c   0x00000004   Data   RW          780    .data               c_w.l(stdio_streams.o)
    0x10000720   0x00000004   Data   RW          781    .data               c_w.l(stdio_streams.o)
    0x10000724   0x00000004   Data   RW         1366    .data               c_w.l(heapauxa.o)
    0x10000728   0x0000004a   Zero   RW            5    .bss                main.o
    0x10000772   0x00000002   PAD
    0x10000774   0x00000040   Zero   RW          319    .bss                retarget.o
    0x100007b4   0x000000e0   Zero   RW          427    .bss                mbed.ar(serial_api.o)
    0x10000894   0x00000054   Zero   RW          776    .bss                c_w.l(stdio_streams.o)
    0x100008e8   0x00000054   Zero   RW          777    .bss                c_w.l(stdio_streams.o)
    0x1000093c   0x00000054   Zero   RW          778    .bss                c_w.l(stdio_streams.o)
    0x10000990   0x00000004   Zero   RW         1144    .bss                c_w.l(rt_heap_descriptor.o)
    0x10000994   0x00000014   Zero   RW         1298    .bss                c_w.l(rt_locale.o)
    0x100009a8   0x00000004   Zero   RW         1303    .bss                c_w.l(rt_errno_addr.o)


    Execution Region RW_IRAM2 (Base: 0x2007c000, Size: 0x00000000, Max: 0x00004000, ABSOLUTE)

    **** No section assigned to this execution region ****


    Execution Region RW_IRAM3 (Base: 0x20080000, Size: 0x00000000, Max: 0x00004000, ABSOLUTE)

    **** No section assigned to this execution region ****


    Execution Region RW_IRAM4 (Base: 0x40038000, Size: 0x00000000, Max: 0x00000800, ABSOLUTE)

    **** No section assigned to this execution region ****


==============================================================================

Image component sizes


      Code (inc. data)   RO Data    RW Data    ZI Data      Debug   Object Name

       264         22        103          0          0         76   board.o
       108          6          0          0          0         84   cmsis_nvic.o
       684         56          0       1577         74       7958   main.o
       618         70         23          0         64        688   retarget.o
        40         12        196          0          0        228   startup_LPC17xx.o
        16          6          0          0          0         68   sys.o
       160         10          0          4          0         68   system_LPC17xx.o

    ----------------------------------------------------------------------
      1890        182        356       1584        140       9170   Object Totals
         0          0         32          0          0          0   (incl. Generated)
         0          0          2          3          2          0   (incl. Padding)

    ----------------------------------------------------------------------

      Code (inc. data)   RO Data    RW Data    ZI Data      Debug   Library Member Name

        60          8          0          0          0         84   __0sscanf.o
        20          0          0          0          0         84   __2fprintf.o
        24          4          0          0          0         84   __2printf.o
       100          0          0          0          0          0   __dclz77c.o
         8          0          0          0          0         68   __main.o
       396          6         17          0          0         92   __printf_flags_ss_wp.o
        14          0          0          0          0         68   __printf_wp.o
        52          8          0          0          0          0   __scatter.o
        28          0          0          0          0          0   __scatter_zi.o
        28          0          0          0          0         68   _chval.o
         6          0          0          0          0          0   _printf_a.o
         6          0          0          0          0          0   _printf_c.o
        44          0          0          0          0        108   _printf_char.o
        48          6          0          0          0         96   _printf_char_common.o
        36          4          0          0          0         80   _printf_char_file.o
        42          0          0          0          0         68   _printf_charcount.o
         6          0          0          0          0          0   _printf_d.o
       120         18          0          0          0         92   _printf_dec.o
         6          0          0          0          0          0   _printf_e.o
         6          0          0          0          0          0   _printf_f.o
      1056          0          0          0          0        216   _printf_fp_dec.o
       768          8         38          0          0        100   _printf_fp_hex.o
       128         16          0          0          0         84   _printf_fp_infnan.o
         6          0          0          0          0          0   _printf_g.o
       156          6         40          0          0        160   _printf_hex_int_ll_ptr.o
         6          0          0          0          0          0   _printf_i.o
       184          0          0          0          0         88   _printf_intcommon.o
        10          0          0          0          0          0   _printf_l.o
         6          0          0          0          0          0   _printf_lc.o
        10          0          0          0          0          0   _printf_ll.o
         6          0          0          0          0          0   _printf_lld.o
         6          0          0          0          0          0   _printf_lli.o
         6          0          0          0          0          0   _printf_llo.o
         6          0          0          0          0          0   _printf_llu.o
         6          0          0          0          0          0   _printf_llx.o
       120         16          0          0          0         92   _printf_longlong_dec.o
         6          0          0          0          0          0   _printf_ls.o
         6          0          0          0          0          0   _printf_n.o
         6          0          0          0          0          0   _printf_o.o
       120          8          0          0          0        124   _printf_oct_int_ll.o
         6          0          0          0          0          0   _printf_p.o
        82          0          0          0          0        108   _printf_pad.o
         0          0          0          0          0          0   _printf_percent.o
         4          0          0          0          0          0   _printf_percent_end.o
         6          0          0          0          0          0   _printf_s.o
        82          0          0          0          0         80   _printf_str.o
        36          0          0          0          0         84   _printf_truncate.o
         6          0          0          0          0          0   _printf_u.o
        44          0          0          0          0        108   _printf_wchar.o
       188          6          8          0          0         92   _printf_wctomb.o
         6          0          0          0          0          0   _printf_x.o
       880          4          0          0          0        100   _scanf.o
       336          0          0          0          0         96   _scanf_int.o
        64          0          0          0          0         84   _sgetc.o
        64          0          0          0          0         92   _wcrtomb.o
        16          0          0          0          0         68   aeabi_memset.o
       228          6        148          0          0         96   bigflt0.o
      1910        128          0          0          0        672   btod.o
        10          0          0          0          0         68   defsig_exit.o
        50          0          0          0          0         88   defsig_general.o
        80         58          0          0          0         76   defsig_rtmem_inner.o
        14          0          0          0          0         80   defsig_rtmem_outer.o
        52         38          0          0          0         76   defsig_rtred_inner.o
        14          0          0          0          0         80   defsig_rtred_outer.o
        76          0          0          0          0         88   fclose.o
         8          0          0          0          0         68   ferror.o
       100          4          0          0          0        120   fflush.o
       478          0          0          0          0         88   flsbuf.o
       236          4          0          0          0        128   fopen.o
        26          0          0          0          0         68   fputc.o
       248          6          0          0          0         84   fseek.o
        70          0          0          0          0         76   ftell.o
        94          0          0          0          0         80   h1_alloc.o
        52          0          0          0          0         68   h1_extend.o
        78          0          0          0          0         80   h1_free.o
        14          0          0          0          0         84   h1_init.o
        80          6          0          4          0         96   heapauxa.o
         4          0          0          0          0        136   hguard.o
         0          0          0          0          0          0   indicate_semi.o
       138          0          0          0          0        168   init_alloc.o
       312         46          0          0          0        112   initio.o
        18          0          0          0          0         76   isspace.o
        44         10        272          0          0         76   lc_ctype_c.o
        44         10         28          0          0         76   lc_numeric_c.o
         2          0          0          0          0          0   libinit.o
        42          0          0          0          0          0   libinit2.o
         0          0          0          0          0          0   libshutdown2.o
       138          0          0          0          0         80   lludiv10.o
         0          0          0          0          0          0   maybetermalloc1.o
        16          4          0          0          0         76   rt_ctype_table.o
         8          4          0          0          4         68   rt_errno_addr.o
         8          4          0          0          4         68   rt_heap_descriptor.o
         8          4          0          0         20         68   rt_locale.o
        68          0          0          0          0         68   rt_memclr.o
        78          0          0          0          0         80   rt_memclr_w.o
       138          0          0          0          0         68   rt_memcpy_v6.o
       100          0          0          0          0         80   rt_memcpy_w.o
       122          0          0          0          0         80   rt_memmove_w.o
         0          0          0          0          0          0   rtentry.o
        12          0          0          0          0          0   rtentry2.o
         6          0          0          0          0          0   rtentry4.o
        44          8          0          0          0         84   scanf_char.o
        70          0          0          0          0         80   setvbuf.o
       240          6          0          0          0        156   stdio.o
         0          0          0         12        252          0   stdio_streams.o
       128          0          0          0          0         68   strcmpv7m.o
        62          0          0          0          0         76   strlen.o
       150          0          0          0          0         80   strncmp.o
        12          4          0          0          0         68   sys_exit.o
        14          0          0          0          0         76   sys_wrch.o
         2          0          0          0          0         68   use_no_semi.o
        10          0          0          0          0         68   vfprintf.o
         4          0          0          0          0         68   printf1.o
         4          0          0          0          0         68   printf2.o
         0          0          0          0          0          0   usenofp.o
        40          0          0          0          0         68   fpclassify.o
        60          6          0          4          0        148   FileBase.o
       154          0          0          0          0        440   FilePath.o
        80         56          0          0          0         80   assert.o
        24          4          0          0          0         80   error.o
        44          8          0          0          0         72   exit.o
       186         12        103          0          0        268   gpio.o
       142         28        108          0          0        228   gpio_api.o
         4          0          0          0          0         68   mbed_interface.o
       224         58         88          0          0        160   pinmap.o
       254         76          0          0          0        308   pinmap_common.o
        28          6          0          0          0        144   semihost_api.o
      1752        170        704         16        224        928   serial_api.o
       144         38          0          4          0        280   us_ticker.o
        68          6          0          8          0         88   us_ticker_api.o
        28          0          0          0          0         80   wait_api.o

    ----------------------------------------------------------------------
     14706        936       1560         48        504      10912   Library Totals
        22          0          6          0          0          0   (incl. Padding)

    ----------------------------------------------------------------------

      Code (inc. data)   RO Data    RW Data    ZI Data      Debug   Library Name

     11444        468        551         16        280       7336   c_w.l
         8          0          0          0          0        136   fz_ws.l
        40          0          0          0          0         68   m_ws.l
      3192        468       1003         32        224       3372   mbed.ar

    ----------------------------------------------------------------------
     14706        936       1560         48        504      10912   Library Totals

    ----------------------------------------------------------------------

==============================================================================


      Code (inc. data)   RO Data    RW Data    ZI Data      Debug   

     16596       1118       1916       1632        644      12854   Grand Totals
     16596       1118       1916        644        644      12854   ELF Image Totals (compressed)
     16596       1118       1916        644          0          0   ROM Totals

==============================================================================

    Total RO  Size (Code + RO Data)                18512 (  18.08kB)
    Total RW  Size (RW Data + ZI Data)              2276 (   2.22kB)
    Total ROM Size (Code + RO Data + RW Data)      19156 (  18.71kB)

==============================================================================

